[0.148s] [34mcolcon[0m [1;30mDEBUG[0m [32mCommand line arguments: ['/usr/bin/colcon', 'build'][0m
[0.148s] [34mcolcon[0m [1;30mDEBUG[0m [32mParsed command line arguments: Namespace(log_base=None, log_level=None, verb_name='build', build_base='build', install_base='install', merge_install=False, symlink_install=False, test_result_base=None, continue_on_error=False, executor='parallel', parallel_workers=8, event_handlers=None, ignore_user_meta=False, metas=['./colcon.meta'], base_paths=['.'], packages_ignore=None, packages_ignore_regex=None, paths=None, packages_up_to=None, packages_up_to_regex=None, packages_above=None, packages_above_and_dependencies=None, packages_above_depth=None, packages_select_by_dep=None, packages_skip_by_dep=None, packages_skip_up_to=None, packages_select_build_failed=False, packages_skip_build_finished=False, packages_select_test_failures=False, packages_skip_test_passed=False, packages_select=None, packages_skip=None, packages_select_regex=None, packages_skip_regex=None, packages_start=None, packages_end=None, allow_overriding=[], cmake_args=None, cmake_target=None, cmake_target_skip_unavailable=False, cmake_clean_cache=False, cmake_clean_first=False, cmake_force_configure=False, ament_cmake_args=None, catkin_cmake_args=None, catkin_skip_building_tests=False, mixin_files=None, mixin=None, verb_parser=<colcon_mixin.mixin.mixin_argument.MixinArgumentDecorator object at 0x7859b5143d10>, verb_extension=<colcon_core.verb.build.BuildVerb object at 0x7859b526b9e0>, main=<bound method BuildVerb.main of <colcon_core.verb.build.BuildVerb object at 0x7859b526b9e0>>, mixin_verb=('build',))[0m
[0.194s] [34mcolcon.colcon_core.package_discovery[0m [1;30mLevel 1[0m discover_packages(colcon_meta) check parameters
[0.195s] [34mcolcon.colcon_core.package_discovery[0m [1;30mLevel 1[0m discover_packages(recursive) check parameters
[0.195s] [34mcolcon.colcon_core.package_discovery[0m [1;30mLevel 1[0m discover_packages(ignore) check parameters
[0.195s] [34mcolcon.colcon_core.package_discovery[0m [1;30mLevel 1[0m discover_packages(path) check parameters
[0.195s] [34mcolcon.colcon_core.package_discovery[0m [1;30mLevel 1[0m discover_packages(colcon_meta) discover
[0.195s] [34mcolcon.colcon_core.package_discovery[0m [1;30mLevel 1[0m discover_packages(recursive) discover
[0.195s] [34mcolcon.colcon_core.package_discovery[0m [1;30mINFO[0m Crawling recursively for packages in '/home/v120506/rmitbot_v4/lesson8_ws'
[0.195s] [34mcolcon.colcon_core.package_identification[0m [1;30mLevel 1[0m _identify(.) by extensions ['ignore', 'ignore_ament_install']
[0.195s] [34mcolcon.colcon_core.package_identification[0m [1;30mLevel 1[0m _identify(.) by extension 'ignore'
[0.195s] [34mcolcon.colcon_core.package_identification[0m [1;30mLevel 1[0m _identify(.) by extension 'ignore_ament_install'
[0.195s] [34mcolcon.colcon_core.package_identification[0m [1;30mLevel 1[0m _identify(.) by extensions ['colcon_pkg']
[0.195s] [34mcolcon.colcon_core.package_identification[0m [1;30mLevel 1[0m _identify(.) by extension 'colcon_pkg'
[0.195s] [34mcolcon.colcon_core.package_identification[0m [1;30mLevel 1[0m _identify(.) by extensions ['colcon_meta']
[0.195s] [34mcolcon.colcon_core.package_identification[0m [1;30mLevel 1[0m _identify(.) by extension 'colcon_meta'
[0.195s] [34mcolcon.colcon_core.package_identification[0m [1;30mLevel 1[0m _identify(.) by extensions ['ros']
[0.195s] [34mcolcon.colcon_core.package_identification[0m [1;30mLevel 1[0m _identify(.) by extension 'ros'
[0.225s] [34mcolcon.colcon_core.package_identification[0m [1;30mLevel 1[0m _identify(.) by extensions ['cmake', 'python']
[0.225s] [34mcolcon.colcon_core.package_identification[0m [1;30mLevel 1[0m _identify(.) by extension 'cmake'
[0.225s] [34mcolcon.colcon_core.package_identification[0m [1;30mLevel 1[0m _identify(.) by extension 'python'
[0.225s] [34mcolcon.colcon_core.package_identification[0m [1;30mLevel 1[0m _identify(.) by extensions ['python_setup_py']
[0.225s] [34mcolcon.colcon_core.package_identification[0m [1;30mLevel 1[0m _identify(.) by extension 'python_setup_py'
[0.225s] [34mcolcon.colcon_core.package_identification[0m [1;30mLevel 1[0m _identify(build) by extensions ['ignore', 'ignore_ament_install']
[0.225s] [34mcolcon.colcon_core.package_identification[0m [1;30mLevel 1[0m _identify(build) by extension 'ignore'
[0.225s] [34mcolcon.colcon_core.package_identification[0m [1;30mLevel 1[0m _identify(build) ignored
[0.225s] [34mcolcon.colcon_core.package_identification[0m [1;30mLevel 1[0m _identify(install) by extensions ['ignore', 'ignore_ament_install']
[0.226s] [34mcolcon.colcon_core.package_identification[0m [1;30mLevel 1[0m _identify(install) by extension 'ignore'
[0.226s] [34mcolcon.colcon_core.package_identification[0m [1;30mLevel 1[0m _identify(install) ignored
[0.226s] [34mcolcon.colcon_core.package_identification[0m [1;30mLevel 1[0m _identify(log) by extensions ['ignore', 'ignore_ament_install']
[0.226s] [34mcolcon.colcon_core.package_identification[0m [1;30mLevel 1[0m _identify(log) by extension 'ignore'
[0.226s] [34mcolcon.colcon_core.package_identification[0m [1;30mLevel 1[0m _identify(log) ignored
[0.226s] [34mcolcon.colcon_core.package_identification[0m [1;30mLevel 1[0m _identify(src) by extensions ['ignore', 'ignore_ament_install']
[0.226s] [34mcolcon.colcon_core.package_identification[0m [1;30mLevel 1[0m _identify(src) by extension 'ignore'
[0.226s] [34mcolcon.colcon_core.package_identification[0m [1;30mLevel 1[0m _identify(src) by extension 'ignore_ament_install'
[0.226s] [34mcolcon.colcon_core.package_identification[0m [1;30mLevel 1[0m _identify(src) by extensions ['colcon_pkg']
[0.226s] [34mcolcon.colcon_core.package_identification[0m [1;30mLevel 1[0m _identify(src) by extension 'colcon_pkg'
[0.227s] [34mcolcon.colcon_core.package_identification[0m [1;30mLevel 1[0m _identify(src) by extensions ['colcon_meta']
[0.227s] [34mcolcon.colcon_core.package_identification[0m [1;30mLevel 1[0m _identify(src) by extension 'colcon_meta'
[0.227s] [34mcolcon.colcon_core.package_identification[0m [1;30mLevel 1[0m _identify(src) by extensions ['ros']
[0.227s] [34mcolcon.colcon_core.package_identification[0m [1;30mLevel 1[0m _identify(src) by extension 'ros'
[0.227s] [34mcolcon.colcon_core.package_identification[0m [1;30mLevel 1[0m _identify(src) by extensions ['cmake', 'python']
[0.227s] [34mcolcon.colcon_core.package_identification[0m [1;30mLevel 1[0m _identify(src) by extension 'cmake'
[0.227s] [34mcolcon.colcon_core.package_identification[0m [1;30mLevel 1[0m _identify(src) by extension 'python'
[0.227s] [34mcolcon.colcon_core.package_identification[0m [1;30mLevel 1[0m _identify(src) by extensions ['python_setup_py']
[0.227s] [34mcolcon.colcon_core.package_identification[0m [1;30mLevel 1[0m _identify(src) by extension 'python_setup_py'
[0.227s] [34mcolcon.colcon_core.package_identification[0m [1;30mLevel 1[0m _identify(src/rmitbot_bringup) by extensions ['ignore', 'ignore_ament_install']
[0.227s] [34mcolcon.colcon_core.package_identification[0m [1;30mLevel 1[0m _identify(src/rmitbot_bringup) by extension 'ignore'
[0.227s] [34mcolcon.colcon_core.package_identification[0m [1;30mLevel 1[0m _identify(src/rmitbot_bringup) by extension 'ignore_ament_install'
[0.227s] [34mcolcon.colcon_core.package_identification[0m [1;30mLevel 1[0m _identify(src/rmitbot_bringup) by extensions ['colcon_pkg']
[0.228s] [34mcolcon.colcon_core.package_identification[0m [1;30mLevel 1[0m _identify(src/rmitbot_bringup) by extension 'colcon_pkg'
[0.228s] [34mcolcon.colcon_core.package_identification[0m [1;30mLevel 1[0m _identify(src/rmitbot_bringup) by extensions ['colcon_meta']
[0.228s] [34mcolcon.colcon_core.package_identification[0m [1;30mLevel 1[0m _identify(src/rmitbot_bringup) by extension 'colcon_meta'
[0.228s] [34mcolcon.colcon_core.package_identification[0m [1;30mLevel 1[0m _identify(src/rmitbot_bringup) by extensions ['ros']
[0.228s] [34mcolcon.colcon_core.package_identification[0m [1;30mLevel 1[0m _identify(src/rmitbot_bringup) by extension 'ros'
[0.232s] [34mcolcon.colcon_core.package_identification[0m [1;30mDEBUG[0m [32mPackage 'src/rmitbot_bringup' with type 'ros.ament_cmake' and name 'rmitbot_bringup'[0m
[0.232s] [34mcolcon.colcon_core.package_identification[0m [1;30mLevel 1[0m _identify(src/rmitbot_controller) by extensions ['ignore', 'ignore_ament_install']
[0.232s] [34mcolcon.colcon_core.package_identification[0m [1;30mLevel 1[0m _identify(src/rmitbot_controller) by extension 'ignore'
[0.232s] [34mcolcon.colcon_core.package_identification[0m [1;30mLevel 1[0m _identify(src/rmitbot_controller) by extension 'ignore_ament_install'
[0.232s] [34mcolcon.colcon_core.package_identification[0m [1;30mLevel 1[0m _identify(src/rmitbot_controller) by extensions ['colcon_pkg']
[0.232s] [34mcolcon.colcon_core.package_identification[0m [1;30mLevel 1[0m _identify(src/rmitbot_controller) by extension 'colcon_pkg'
[0.232s] [34mcolcon.colcon_core.package_identification[0m [1;30mLevel 1[0m _identify(src/rmitbot_controller) by extensions ['colcon_meta']
[0.232s] [34mcolcon.colcon_core.package_identification[0m [1;30mLevel 1[0m _identify(src/rmitbot_controller) by extension 'colcon_meta'
[0.232s] [34mcolcon.colcon_core.package_identification[0m [1;30mLevel 1[0m _identify(src/rmitbot_controller) by extensions ['ros']
[0.232s] [34mcolcon.colcon_core.package_identification[0m [1;30mLevel 1[0m _identify(src/rmitbot_controller) by extension 'ros'
[0.233s] [34mcolcon.colcon_core.package_identification[0m [1;30mDEBUG[0m [32mPackage 'src/rmitbot_controller' with type 'ros.ament_cmake' and name 'rmitbot_controller'[0m
[0.233s] [34mcolcon.colcon_core.package_identification[0m [1;30mLevel 1[0m _identify(src/rmitbot_description) by extensions ['ignore', 'ignore_ament_install']
[0.233s] [34mcolcon.colcon_core.package_identification[0m [1;30mLevel 1[0m _identify(src/rmitbot_description) by extension 'ignore'
[0.233s] [34mcolcon.colcon_core.package_identification[0m [1;30mLevel 1[0m _identify(src/rmitbot_description) by extension 'ignore_ament_install'
[0.233s] [34mcolcon.colcon_core.package_identification[0m [1;30mLevel 1[0m _identify(src/rmitbot_description) by extensions ['colcon_pkg']
[0.233s] [34mcolcon.colcon_core.package_identification[0m [1;30mLevel 1[0m _identify(src/rmitbot_description) by extension 'colcon_pkg'
[0.233s] [34mcolcon.colcon_core.package_identification[0m [1;30mLevel 1[0m _identify(src/rmitbot_description) by extensions ['colcon_meta']
[0.233s] [34mcolcon.colcon_core.package_identification[0m [1;30mLevel 1[0m _identify(src/rmitbot_description) by extension 'colcon_meta'
[0.233s] [34mcolcon.colcon_core.package_identification[0m [1;30mLevel 1[0m _identify(src/rmitbot_description) by extensions ['ros']
[0.233s] [34mcolcon.colcon_core.package_identification[0m [1;30mLevel 1[0m _identify(src/rmitbot_description) by extension 'ros'
[0.234s] [34mcolcon.colcon_core.package_identification[0m [1;30mDEBUG[0m [32mPackage 'src/rmitbot_description' with type 'ros.ament_cmake' and name 'rmitbot_description'[0m
[0.234s] [34mcolcon.colcon_core.package_identification[0m [1;30mLevel 1[0m _identify(src/rmitbot_firmware) by extensions ['ignore', 'ignore_ament_install']
[0.234s] [34mcolcon.colcon_core.package_identification[0m [1;30mLevel 1[0m _identify(src/rmitbot_firmware) by extension 'ignore'
[0.234s] [34mcolcon.colcon_core.package_identification[0m [1;30mLevel 1[0m _identify(src/rmitbot_firmware) by extension 'ignore_ament_install'
[0.234s] [34mcolcon.colcon_core.package_identification[0m [1;30mLevel 1[0m _identify(src/rmitbot_firmware) by extensions ['colcon_pkg']
[0.234s] [34mcolcon.colcon_core.package_identification[0m [1;30mLevel 1[0m _identify(src/rmitbot_firmware) by extension 'colcon_pkg'
[0.234s] [34mcolcon.colcon_core.package_identification[0m [1;30mLevel 1[0m _identify(src/rmitbot_firmware) by extensions ['colcon_meta']
[0.234s] [34mcolcon.colcon_core.package_identification[0m [1;30mLevel 1[0m _identify(src/rmitbot_firmware) by extension 'colcon_meta'
[0.234s] [34mcolcon.colcon_core.package_identification[0m [1;30mLevel 1[0m _identify(src/rmitbot_firmware) by extensions ['ros']
[0.234s] [34mcolcon.colcon_core.package_identification[0m [1;30mLevel 1[0m _identify(src/rmitbot_firmware) by extension 'ros'
[0.235s] [34mcolcon.colcon_core.package_identification[0m [1;30mDEBUG[0m [32mPackage 'src/rmitbot_firmware' with type 'ros.ament_cmake' and name 'rmitbot_firmware'[0m
[0.235s] [34mcolcon.colcon_core.package_identification[0m [1;30mLevel 1[0m _identify(src/rmitbot_localization) by extensions ['ignore', 'ignore_ament_install']
[0.236s] [34mcolcon.colcon_core.package_identification[0m [1;30mLevel 1[0m _identify(src/rmitbot_localization) by extension 'ignore'
[0.236s] [34mcolcon.colcon_core.package_identification[0m [1;30mLevel 1[0m _identify(src/rmitbot_localization) by extension 'ignore_ament_install'
[0.236s] [34mcolcon.colcon_core.package_identification[0m [1;30mLevel 1[0m _identify(src/rmitbot_localization) by extensions ['colcon_pkg']
[0.236s] [34mcolcon.colcon_core.package_identification[0m [1;30mLevel 1[0m _identify(src/rmitbot_localization) by extension 'colcon_pkg'
[0.236s] [34mcolcon.colcon_core.package_identification[0m [1;30mLevel 1[0m _identify(src/rmitbot_localization) by extensions ['colcon_meta']
[0.236s] [34mcolcon.colcon_core.package_identification[0m [1;30mLevel 1[0m _identify(src/rmitbot_localization) by extension 'colcon_meta'
[0.236s] [34mcolcon.colcon_core.package_identification[0m [1;30mLevel 1[0m _identify(src/rmitbot_localization) by extensions ['ros']
[0.236s] [34mcolcon.colcon_core.package_identification[0m [1;30mLevel 1[0m _identify(src/rmitbot_localization) by extension 'ros'
[0.237s] [34mcolcon.colcon_core.package_identification[0m [1;30mDEBUG[0m [32mPackage 'src/rmitbot_localization' with type 'ros.ament_cmake' and name 'rmitbot_localization'[0m
[0.237s] [34mcolcon.colcon_core.package_discovery[0m [1;30mLevel 1[0m discover_packages(recursive) using defaults
[0.237s] [34mcolcon.colcon_core.package_discovery[0m [1;30mLevel 1[0m discover_packages(ignore) discover
[0.237s] [34mcolcon.colcon_core.package_discovery[0m [1;30mLevel 1[0m discover_packages(ignore) using defaults
[0.237s] [34mcolcon.colcon_core.package_discovery[0m [1;30mLevel 1[0m discover_packages(path) discover
[0.237s] [34mcolcon.colcon_core.package_discovery[0m [1;30mLevel 1[0m discover_packages(path) using defaults
[0.256s] [34mcolcon.colcon_core.package_discovery[0m [1;30mLevel 1[0m discover_packages(prefix_path) check parameters
[0.256s] [34mcolcon.colcon_core.package_discovery[0m [1;30mLevel 1[0m discover_packages(prefix_path) discover
[0.258s] [34mcolcon.colcon_installed_package_information.package_discovery[0m [1;30mDEBUG[0m [32mFound 6 installed packages in /home/v120506/rmitbot_v4/lesson5_ws/install[0m
[0.260s] [34mcolcon.colcon_installed_package_information.package_discovery[0m [1;30mDEBUG[0m [32mFound 449 installed packages in /opt/ros/jazzy[0m
[0.262s] [34mcolcon.colcon_core.package_discovery[0m [1;30mLevel 1[0m discover_packages(prefix_path) using defaults
[0.326s] [34mcolcon.colcon_core.verb[0m [1;30mLevel 5[0m set package 'rmitbot_bringup' build argument 'cmake_args' from command line to 'None'
[0.326s] [34mcolcon.colcon_core.verb[0m [1;30mLevel 5[0m set package 'rmitbot_bringup' build argument 'cmake_target' from command line to 'None'
[0.326s] [34mcolcon.colcon_core.verb[0m [1;30mLevel 5[0m set package 'rmitbot_bringup' build argument 'cmake_target_skip_unavailable' from command line to 'False'
[0.326s] [34mcolcon.colcon_core.verb[0m [1;30mLevel 5[0m set package 'rmitbot_bringup' build argument 'cmake_clean_cache' from command line to 'False'
[0.326s] [34mcolcon.colcon_core.verb[0m [1;30mLevel 5[0m set package 'rmitbot_bringup' build argument 'cmake_clean_first' from command line to 'False'
[0.326s] [34mcolcon.colcon_core.verb[0m [1;30mLevel 5[0m set package 'rmitbot_bringup' build argument 'cmake_force_configure' from command line to 'False'
[0.326s] [34mcolcon.colcon_core.verb[0m [1;30mLevel 5[0m set package 'rmitbot_bringup' build argument 'ament_cmake_args' from command line to 'None'
[0.326s] [34mcolcon.colcon_core.verb[0m [1;30mLevel 5[0m set package 'rmitbot_bringup' build argument 'catkin_cmake_args' from command line to 'None'
[0.326s] [34mcolcon.colcon_core.verb[0m [1;30mLevel 5[0m set package 'rmitbot_bringup' build argument 'catkin_skip_building_tests' from command line to 'False'
[0.326s] [34mcolcon.colcon_core.verb[0m [1;30mDEBUG[0m [32mBuilding package 'rmitbot_bringup' with the following arguments: {'ament_cmake_args': None, 'build_base': '/home/v120506/rmitbot_v4/lesson8_ws/build/rmitbot_bringup', 'catkin_cmake_args': None, 'catkin_skip_building_tests': False, 'cmake_args': None, 'cmake_clean_cache': False, 'cmake_clean_first': False, 'cmake_force_configure': False, 'cmake_target': None, 'cmake_target_skip_unavailable': False, 'install_base': '/home/v120506/rmitbot_v4/lesson8_ws/install/rmitbot_bringup', 'merge_install': False, 'path': '/home/v120506/rmitbot_v4/lesson8_ws/src/rmitbot_bringup', 'symlink_install': False, 'test_result_base': None}[0m
[0.327s] [34mcolcon.colcon_core.verb[0m [1;30mLevel 5[0m set package 'rmitbot_controller' build argument 'cmake_args' from command line to 'None'
[0.327s] [34mcolcon.colcon_core.verb[0m [1;30mLevel 5[0m set package 'rmitbot_controller' build argument 'cmake_target' from command line to 'None'
[0.327s] [34mcolcon.colcon_core.verb[0m [1;30mLevel 5[0m set package 'rmitbot_controller' build argument 'cmake_target_skip_unavailable' from command line to 'False'
[0.327s] [34mcolcon.colcon_core.verb[0m [1;30mLevel 5[0m set package 'rmitbot_controller' build argument 'cmake_clean_cache' from command line to 'False'
[0.327s] [34mcolcon.colcon_core.verb[0m [1;30mLevel 5[0m set package 'rmitbot_controller' build argument 'cmake_clean_first' from command line to 'False'
[0.327s] [34mcolcon.colcon_core.verb[0m [1;30mLevel 5[0m set package 'rmitbot_controller' build argument 'cmake_force_configure' from command line to 'False'
[0.327s] [34mcolcon.colcon_core.verb[0m [1;30mLevel 5[0m set package 'rmitbot_controller' build argument 'ament_cmake_args' from command line to 'None'
[0.327s] [34mcolcon.colcon_core.verb[0m [1;30mLevel 5[0m set package 'rmitbot_controller' build argument 'catkin_cmake_args' from command line to 'None'
[0.327s] [34mcolcon.colcon_core.verb[0m [1;30mLevel 5[0m set package 'rmitbot_controller' build argument 'catkin_skip_building_tests' from command line to 'False'
[0.327s] [34mcolcon.colcon_core.verb[0m [1;30mDEBUG[0m [32mBuilding package 'rmitbot_controller' with the following arguments: {'ament_cmake_args': None, 'build_base': '/home/v120506/rmitbot_v4/lesson8_ws/build/rmitbot_controller', 'catkin_cmake_args': None, 'catkin_skip_building_tests': False, 'cmake_args': None, 'cmake_clean_cache': False, 'cmake_clean_first': False, 'cmake_force_configure': False, 'cmake_target': None, 'cmake_target_skip_unavailable': False, 'install_base': '/home/v120506/rmitbot_v4/lesson8_ws/install/rmitbot_controller', 'merge_install': False, 'path': '/home/v120506/rmitbot_v4/lesson8_ws/src/rmitbot_controller', 'symlink_install': False, 'test_result_base': None}[0m
[0.327s] [34mcolcon.colcon_core.verb[0m [1;30mLevel 5[0m set package 'rmitbot_description' build argument 'cmake_args' from command line to 'None'
[0.327s] [34mcolcon.colcon_core.verb[0m [1;30mLevel 5[0m set package 'rmitbot_description' build argument 'cmake_target' from command line to 'None'
[0.327s] [34mcolcon.colcon_core.verb[0m [1;30mLevel 5[0m set package 'rmitbot_description' build argument 'cmake_target_skip_unavailable' from command line to 'False'
[0.327s] [34mcolcon.colcon_core.verb[0m [1;30mLevel 5[0m set package 'rmitbot_description' build argument 'cmake_clean_cache' from command line to 'False'
[0.327s] [34mcolcon.colcon_core.verb[0m [1;30mLevel 5[0m set package 'rmitbot_description' build argument 'cmake_clean_first' from command line to 'False'
[0.327s] [34mcolcon.colcon_core.verb[0m [1;30mLevel 5[0m set package 'rmitbot_description' build argument 'cmake_force_configure' from command line to 'False'
[0.327s] [34mcolcon.colcon_core.verb[0m [1;30mLevel 5[0m set package 'rmitbot_description' build argument 'ament_cmake_args' from command line to 'None'
[0.327s] [34mcolcon.colcon_core.verb[0m [1;30mLevel 5[0m set package 'rmitbot_description' build argument 'catkin_cmake_args' from command line to 'None'
[0.327s] [34mcolcon.colcon_core.verb[0m [1;30mLevel 5[0m set package 'rmitbot_description' build argument 'catkin_skip_building_tests' from command line to 'False'
[0.327s] [34mcolcon.colcon_core.verb[0m [1;30mDEBUG[0m [32mBuilding package 'rmitbot_description' with the following arguments: {'ament_cmake_args': None, 'build_base': '/home/v120506/rmitbot_v4/lesson8_ws/build/rmitbot_description', 'catkin_cmake_args': None, 'catkin_skip_building_tests': False, 'cmake_args': None, 'cmake_clean_cache': False, 'cmake_clean_first': False, 'cmake_force_configure': False, 'cmake_target': None, 'cmake_target_skip_unavailable': False, 'install_base': '/home/v120506/rmitbot_v4/lesson8_ws/install/rmitbot_description', 'merge_install': False, 'path': '/home/v120506/rmitbot_v4/lesson8_ws/src/rmitbot_description', 'symlink_install': False, 'test_result_base': None}[0m
[0.328s] [34mcolcon.colcon_core.verb[0m [1;30mLevel 5[0m set package 'rmitbot_firmware' build argument 'cmake_args' from command line to 'None'
[0.328s] [34mcolcon.colcon_core.verb[0m [1;30mLevel 5[0m set package 'rmitbot_firmware' build argument 'cmake_target' from command line to 'None'
[0.328s] [34mcolcon.colcon_core.verb[0m [1;30mLevel 5[0m set package 'rmitbot_firmware' build argument 'cmake_target_skip_unavailable' from command line to 'False'
[0.328s] [34mcolcon.colcon_core.verb[0m [1;30mLevel 5[0m set package 'rmitbot_firmware' build argument 'cmake_clean_cache' from command line to 'False'
[0.328s] [34mcolcon.colcon_core.verb[0m [1;30mLevel 5[0m set package 'rmitbot_firmware' build argument 'cmake_clean_first' from command line to 'False'
[0.328s] [34mcolcon.colcon_core.verb[0m [1;30mLevel 5[0m set package 'rmitbot_firmware' build argument 'cmake_force_configure' from command line to 'False'
[0.328s] [34mcolcon.colcon_core.verb[0m [1;30mLevel 5[0m set package 'rmitbot_firmware' build argument 'ament_cmake_args' from command line to 'None'
[0.328s] [34mcolcon.colcon_core.verb[0m [1;30mLevel 5[0m set package 'rmitbot_firmware' build argument 'catkin_cmake_args' from command line to 'None'
[0.328s] [34mcolcon.colcon_core.verb[0m [1;30mLevel 5[0m set package 'rmitbot_firmware' build argument 'catkin_skip_building_tests' from command line to 'False'
[0.328s] [34mcolcon.colcon_core.verb[0m [1;30mDEBUG[0m [32mBuilding package 'rmitbot_firmware' with the following arguments: {'ament_cmake_args': None, 'build_base': '/home/v120506/rmitbot_v4/lesson8_ws/build/rmitbot_firmware', 'catkin_cmake_args': None, 'catkin_skip_building_tests': False, 'cmake_args': None, 'cmake_clean_cache': False, 'cmake_clean_first': False, 'cmake_force_configure': False, 'cmake_target': None, 'cmake_target_skip_unavailable': False, 'install_base': '/home/v120506/rmitbot_v4/lesson8_ws/install/rmitbot_firmware', 'merge_install': False, 'path': '/home/v120506/rmitbot_v4/lesson8_ws/src/rmitbot_firmware', 'symlink_install': False, 'test_result_base': None}[0m
[0.328s] [34mcolcon.colcon_core.verb[0m [1;30mLevel 5[0m set package 'rmitbot_localization' build argument 'cmake_args' from command line to 'None'
[0.328s] [34mcolcon.colcon_core.verb[0m [1;30mLevel 5[0m set package 'rmitbot_localization' build argument 'cmake_target' from command line to 'None'
[0.328s] [34mcolcon.colcon_core.verb[0m [1;30mLevel 5[0m set package 'rmitbot_localization' build argument 'cmake_target_skip_unavailable' from command line to 'False'
[0.328s] [34mcolcon.colcon_core.verb[0m [1;30mLevel 5[0m set package 'rmitbot_localization' build argument 'cmake_clean_cache' from command line to 'False'
[0.328s] [34mcolcon.colcon_core.verb[0m [1;30mLevel 5[0m set package 'rmitbot_localization' build argument 'cmake_clean_first' from command line to 'False'
[0.328s] [34mcolcon.colcon_core.verb[0m [1;30mLevel 5[0m set package 'rmitbot_localization' build argument 'cmake_force_configure' from command line to 'False'
[0.328s] [34mcolcon.colcon_core.verb[0m [1;30mLevel 5[0m set package 'rmitbot_localization' build argument 'ament_cmake_args' from command line to 'None'
[0.328s] [34mcolcon.colcon_core.verb[0m [1;30mLevel 5[0m set package 'rmitbot_localization' build argument 'catkin_cmake_args' from command line to 'None'
[0.328s] [34mcolcon.colcon_core.verb[0m [1;30mLevel 5[0m set package 'rmitbot_localization' build argument 'catkin_skip_building_tests' from command line to 'False'
[0.328s] [34mcolcon.colcon_core.verb[0m [1;30mDEBUG[0m [32mBuilding package 'rmitbot_localization' with the following arguments: {'ament_cmake_args': None, 'build_base': '/home/v120506/rmitbot_v4/lesson8_ws/build/rmitbot_localization', 'catkin_cmake_args': None, 'catkin_skip_building_tests': False, 'cmake_args': None, 'cmake_clean_cache': False, 'cmake_clean_first': False, 'cmake_force_configure': False, 'cmake_target': None, 'cmake_target_skip_unavailable': False, 'install_base': '/home/v120506/rmitbot_v4/lesson8_ws/install/rmitbot_localization', 'merge_install': False, 'path': '/home/v120506/rmitbot_v4/lesson8_ws/src/rmitbot_localization', 'symlink_install': False, 'test_result_base': None}[0m
[0.328s] [34mcolcon.colcon_core.executor[0m [1;30mINFO[0m Executing jobs using 'parallel' executor
[0.329s] [34mcolcon.colcon_parallel_executor.executor.parallel[0m [1;30mDEBUG[0m [32mrun_until_complete[0m
[0.330s] [34mcolcon.colcon_ros.task.ament_cmake.build[0m [1;30mINFO[0m Building ROS package in '/home/v120506/rmitbot_v4/lesson8_ws/src/rmitbot_bringup' with build type 'ament_cmake'
[0.330s] [34mcolcon.colcon_cmake.task.cmake.build[0m [1;30mINFO[0m Building CMake package in '/home/v120506/rmitbot_v4/lesson8_ws/src/rmitbot_bringup'
[0.332s] [34mcolcon.colcon_core.plugin_system[0m [1;30mINFO[0m Skipping extension 'colcon_core.shell.bat': Not used on non-Windows systems
[0.332s] [34mcolcon.colcon_core.shell[0m [1;30mINFO[0m Skip shell extension 'powershell' for command environment: Not usable outside of PowerShell
[0.332s] [34mcolcon.colcon_core.shell[0m [1;30mDEBUG[0m [32mSkip shell extension 'dsv' for command environment[0m
[0.338s] [34mcolcon.colcon_ros.task.ament_cmake.build[0m [1;30mINFO[0m Building ROS package in '/home/v120506/rmitbot_v4/lesson8_ws/src/rmitbot_controller' with build type 'ament_cmake'
[0.338s] [34mcolcon.colcon_cmake.task.cmake.build[0m [1;30mINFO[0m Building CMake package in '/home/v120506/rmitbot_v4/lesson8_ws/src/rmitbot_controller'
[0.339s] [34mcolcon.colcon_core.shell[0m [1;30mINFO[0m Skip shell extension 'powershell' for command environment: Not usable outside of PowerShell
[0.339s] [34mcolcon.colcon_core.shell[0m [1;30mDEBUG[0m [32mSkip shell extension 'dsv' for command environment[0m
[0.344s] [34mcolcon.colcon_ros.task.ament_cmake.build[0m [1;30mINFO[0m Building ROS package in '/home/v120506/rmitbot_v4/lesson8_ws/src/rmitbot_description' with build type 'ament_cmake'
[0.344s] [34mcolcon.colcon_cmake.task.cmake.build[0m [1;30mINFO[0m Building CMake package in '/home/v120506/rmitbot_v4/lesson8_ws/src/rmitbot_description'
[0.344s] [34mcolcon.colcon_core.shell[0m [1;30mINFO[0m Skip shell extension 'powershell' for command environment: Not usable outside of PowerShell
[0.344s] [34mcolcon.colcon_core.shell[0m [1;30mDEBUG[0m [32mSkip shell extension 'dsv' for command environment[0m
[0.351s] [34mcolcon.colcon_ros.task.ament_cmake.build[0m [1;30mINFO[0m Building ROS package in '/home/v120506/rmitbot_v4/lesson8_ws/src/rmitbot_firmware' with build type 'ament_cmake'
[0.351s] [34mcolcon.colcon_cmake.task.cmake.build[0m [1;30mINFO[0m Building CMake package in '/home/v120506/rmitbot_v4/lesson8_ws/src/rmitbot_firmware'
[0.352s] [34mcolcon.colcon_core.shell[0m [1;30mINFO[0m Skip shell extension 'powershell' for command environment: Not usable outside of PowerShell
[0.352s] [34mcolcon.colcon_core.shell[0m [1;30mDEBUG[0m [32mSkip shell extension 'dsv' for command environment[0m
[0.359s] [34mcolcon.colcon_ros.task.ament_cmake.build[0m [1;30mINFO[0m Building ROS package in '/home/v120506/rmitbot_v4/lesson8_ws/src/rmitbot_localization' with build type 'ament_cmake'
[0.359s] [34mcolcon.colcon_cmake.task.cmake.build[0m [1;30mINFO[0m Building CMake package in '/home/v120506/rmitbot_v4/lesson8_ws/src/rmitbot_localization'
[0.359s] [34mcolcon.colcon_core.shell[0m [1;30mINFO[0m Skip shell extension 'powershell' for command environment: Not usable outside of PowerShell
[0.359s] [34mcolcon.colcon_core.shell[0m [1;30mDEBUG[0m [32mSkip shell extension 'dsv' for command environment[0m
[0.370s] [34mcolcon.colcon_core.event_handler.log_command[0m [1;30mDEBUG[0m [32mInvoking command in '/home/v120506/rmitbot_v4/lesson8_ws/build/rmitbot_bringup': CMAKE_PREFIX_PATH=${CMAKE_PREFIX_PATH}:/opt/ros/jazzy DEBUGINFOD_URLS=https://debuginfod.ubuntu.com /usr/bin/cmake --build /home/v120506/rmitbot_v4/lesson8_ws/build/rmitbot_bringup -- -j8 -l8[0m
[0.375s] [34mcolcon.colcon_core.event_handler.log_command[0m [1;30mDEBUG[0m [32mInvoking command in '/home/v120506/rmitbot_v4/lesson8_ws/build/rmitbot_controller': CMAKE_PREFIX_PATH=${CMAKE_PREFIX_PATH}:/opt/ros/jazzy DEBUGINFOD_URLS=https://debuginfod.ubuntu.com /usr/bin/cmake --build /home/v120506/rmitbot_v4/lesson8_ws/build/rmitbot_controller -- -j8 -l8[0m
[0.378s] [34mcolcon.colcon_core.event_handler.log_command[0m [1;30mDEBUG[0m [32mInvoking command in '/home/v120506/rmitbot_v4/lesson8_ws/build/rmitbot_description': CMAKE_PREFIX_PATH=${CMAKE_PREFIX_PATH}:/opt/ros/jazzy DEBUGINFOD_URLS=https://debuginfod.ubuntu.com /usr/bin/cmake --build /home/v120506/rmitbot_v4/lesson8_ws/build/rmitbot_description -- -j8 -l8[0m
[0.382s] [34mcolcon.colcon_core.event_handler.log_command[0m [1;30mDEBUG[0m [32mInvoking command in '/home/v120506/rmitbot_v4/lesson8_ws/build/rmitbot_firmware': CMAKE_PREFIX_PATH=${CMAKE_PREFIX_PATH}:/opt/ros/jazzy DEBUGINFOD_URLS=https://debuginfod.ubuntu.com /usr/bin/cmake --build /home/v120506/rmitbot_v4/lesson8_ws/build/rmitbot_firmware -- -j8 -l8[0m
[0.421s] [34mcolcon.colcon_core.event_handler.log_command[0m [1;30mDEBUG[0m [32mInvoking command in '/home/v120506/rmitbot_v4/lesson8_ws/build/rmitbot_localization': CMAKE_PREFIX_PATH=${CMAKE_PREFIX_PATH}:/opt/ros/jazzy DEBUGINFOD_URLS=https://debuginfod.ubuntu.com /usr/bin/cmake --build /home/v120506/rmitbot_v4/lesson8_ws/build/rmitbot_localization -- -j8 -l8[0m
[0.473s] [34mcolcon.colcon_core.event_handler.log_command[0m [1;30mDEBUG[0m [32mInvoked command in '/home/v120506/rmitbot_v4/lesson8_ws/build/rmitbot_bringup' returned '0': CMAKE_PREFIX_PATH=${CMAKE_PREFIX_PATH}:/opt/ros/jazzy DEBUGINFOD_URLS=https://debuginfod.ubuntu.com /usr/bin/cmake --build /home/v120506/rmitbot_v4/lesson8_ws/build/rmitbot_bringup -- -j8 -l8[0m
[0.492s] [34mcolcon.colcon_core.event_handler.log_command[0m [1;30mDEBUG[0m [32mInvoking command in '/home/v120506/rmitbot_v4/lesson8_ws/build/rmitbot_bringup': CMAKE_PREFIX_PATH=${CMAKE_PREFIX_PATH}:/opt/ros/jazzy DEBUGINFOD_URLS=https://debuginfod.ubuntu.com /usr/bin/cmake --install /home/v120506/rmitbot_v4/lesson8_ws/build/rmitbot_bringup[0m
[0.494s] [34mcolcon.colcon_core.event_handler.log_command[0m [1;30mDEBUG[0m [32mInvoked command in '/home/v120506/rmitbot_v4/lesson8_ws/build/rmitbot_description' returned '0': CMAKE_PREFIX_PATH=${CMAKE_PREFIX_PATH}:/opt/ros/jazzy DEBUGINFOD_URLS=https://debuginfod.ubuntu.com /usr/bin/cmake --build /home/v120506/rmitbot_v4/lesson8_ws/build/rmitbot_description -- -j8 -l8[0m
[0.497s] [34mcolcon.colcon_core.event_handler.log_command[0m [1;30mDEBUG[0m [32mInvoking command in '/home/v120506/rmitbot_v4/lesson8_ws/build/rmitbot_description': CMAKE_PREFIX_PATH=${CMAKE_PREFIX_PATH}:/opt/ros/jazzy DEBUGINFOD_URLS=https://debuginfod.ubuntu.com /usr/bin/cmake --install /home/v120506/rmitbot_v4/lesson8_ws/build/rmitbot_description[0m
[0.499s] [34mcolcon.colcon_core.event_handler.log_command[0m [1;30mDEBUG[0m [32mInvoked command in '/home/v120506/rmitbot_v4/lesson8_ws/build/rmitbot_localization' returned '0': CMAKE_PREFIX_PATH=${CMAKE_PREFIX_PATH}:/opt/ros/jazzy DEBUGINFOD_URLS=https://debuginfod.ubuntu.com /usr/bin/cmake --build /home/v120506/rmitbot_v4/lesson8_ws/build/rmitbot_localization -- -j8 -l8[0m
[0.500s] [34mcolcon.colcon_core.event_handler.log_command[0m [1;30mDEBUG[0m [32mInvoking command in '/home/v120506/rmitbot_v4/lesson8_ws/build/rmitbot_localization': CMAKE_PREFIX_PATH=${CMAKE_PREFIX_PATH}:/opt/ros/jazzy DEBUGINFOD_URLS=https://debuginfod.ubuntu.com /usr/bin/cmake --install /home/v120506/rmitbot_v4/lesson8_ws/build/rmitbot_localization[0m
[0.501s] [34mcolcon.colcon_core.event_handler.log_command[0m [1;30mDEBUG[0m [32mInvoked command in '/home/v120506/rmitbot_v4/lesson8_ws/build/rmitbot_controller' returned '0': CMAKE_PREFIX_PATH=${CMAKE_PREFIX_PATH}:/opt/ros/jazzy DEBUGINFOD_URLS=https://debuginfod.ubuntu.com /usr/bin/cmake --build /home/v120506/rmitbot_v4/lesson8_ws/build/rmitbot_controller -- -j8 -l8[0m
[0.503s] [34mcolcon.colcon_core.event_handler.log_command[0m [1;30mDEBUG[0m [32mInvoking command in '/home/v120506/rmitbot_v4/lesson8_ws/build/rmitbot_controller': CMAKE_PREFIX_PATH=${CMAKE_PREFIX_PATH}:/opt/ros/jazzy DEBUGINFOD_URLS=https://debuginfod.ubuntu.com /usr/bin/cmake --install /home/v120506/rmitbot_v4/lesson8_ws/build/rmitbot_controller[0m
[0.517s] [34mcolcon.colcon_core.environment[0m [1;30mLevel 1[0m create_environment_scripts_only(rmitbot_bringup)
[0.525s] [34mcolcon.colcon_core.event_handler.log_command[0m [1;30mDEBUG[0m [32mInvoked command in '/home/v120506/rmitbot_v4/lesson8_ws/build/rmitbot_bringup' returned '0': CMAKE_PREFIX_PATH=${CMAKE_PREFIX_PATH}:/opt/ros/jazzy DEBUGINFOD_URLS=https://debuginfod.ubuntu.com /usr/bin/cmake --install /home/v120506/rmitbot_v4/lesson8_ws/build/rmitbot_bringup[0m
[0.534s] [34mcolcon.colcon_core.environment[0m [1;30mLevel 1[0m checking '/home/v120506/rmitbot_v4/lesson8_ws/install/rmitbot_bringup' for CMake module files
[0.535s] [34mcolcon.colcon_core.environment[0m [1;30mLevel 1[0m checking '/home/v120506/rmitbot_v4/lesson8_ws/install/rmitbot_bringup' for CMake config files
[0.536s] [34mcolcon.colcon_core.shell[0m [1;30mLevel 1[0m create_environment_hook('rmitbot_bringup', 'cmake_prefix_path')
[0.536s] [34mcolcon.colcon_core.shell[0m [1;30mINFO[0m Creating environment hook '/home/v120506/rmitbot_v4/lesson8_ws/install/rmitbot_bringup/share/rmitbot_bringup/hook/cmake_prefix_path.ps1'
[0.537s] [34mcolcon.colcon_core.shell[0m [1;30mINFO[0m Creating environment descriptor '/home/v120506/rmitbot_v4/lesson8_ws/install/rmitbot_bringup/share/rmitbot_bringup/hook/cmake_prefix_path.dsv'
[0.538s] [34mcolcon.colcon_core.shell[0m [1;30mINFO[0m Creating environment hook '/home/v120506/rmitbot_v4/lesson8_ws/install/rmitbot_bringup/share/rmitbot_bringup/hook/cmake_prefix_path.sh'
[0.539s] [34mcolcon.colcon_core.environment[0m [1;30mLevel 1[0m checking '/home/v120506/rmitbot_v4/lesson8_ws/install/rmitbot_bringup/bin'
[0.539s] [34mcolcon.colcon_core.environment[0m [1;30mLevel 1[0m checking '/home/v120506/rmitbot_v4/lesson8_ws/install/rmitbot_bringup/lib/pkgconfig/rmitbot_bringup.pc'
[0.540s] [34mcolcon.colcon_core.environment[0m [1;30mLevel 1[0m checking '/home/v120506/rmitbot_v4/lesson8_ws/install/rmitbot_bringup/lib/python3.12/site-packages'
[0.541s] [34mcolcon.colcon_core.environment[0m [1;30mLevel 1[0m checking '/home/v120506/rmitbot_v4/lesson8_ws/install/rmitbot_bringup/bin'
[0.541s] [34mcolcon.colcon_core.shell[0m [1;30mINFO[0m Creating package script '/home/v120506/rmitbot_v4/lesson8_ws/install/rmitbot_bringup/share/rmitbot_bringup/package.ps1'
[0.542s] [34mcolcon.colcon_core.shell[0m [1;30mINFO[0m Creating package descriptor '/home/v120506/rmitbot_v4/lesson8_ws/install/rmitbot_bringup/share/rmitbot_bringup/package.dsv'
[0.543s] [34mcolcon.colcon_core.shell[0m [1;30mINFO[0m Creating package script '/home/v120506/rmitbot_v4/lesson8_ws/install/rmitbot_bringup/share/rmitbot_bringup/package.sh'
[0.545s] [34mcolcon.colcon_core.shell[0m [1;30mINFO[0m Creating package script '/home/v120506/rmitbot_v4/lesson8_ws/install/rmitbot_bringup/share/rmitbot_bringup/package.bash'
[0.546s] [34mcolcon.colcon_core.shell[0m [1;30mINFO[0m Creating package script '/home/v120506/rmitbot_v4/lesson8_ws/install/rmitbot_bringup/share/rmitbot_bringup/package.zsh'
[0.550s] [34mcolcon.colcon_core.environment[0m [1;30mLevel 1[0m create_file_with_runtime_dependencies(/home/v120506/rmitbot_v4/lesson8_ws/install/rmitbot_bringup/share/colcon-core/packages/rmitbot_bringup)
[0.551s] [34mcolcon.colcon_core.environment[0m [1;30mLevel 1[0m create_environment_scripts_only(rmitbot_bringup)
[0.551s] [34mcolcon.colcon_core.environment[0m [1;30mLevel 1[0m checking '/home/v120506/rmitbot_v4/lesson8_ws/install/rmitbot_bringup' for CMake module files
[0.552s] [34mcolcon.colcon_core.environment[0m [1;30mLevel 1[0m checking '/home/v120506/rmitbot_v4/lesson8_ws/install/rmitbot_bringup' for CMake config files
[0.552s] [34mcolcon.colcon_core.shell[0m [1;30mLevel 1[0m create_environment_hook('rmitbot_bringup', 'cmake_prefix_path')
[0.553s] [34mcolcon.colcon_core.shell[0m [1;30mINFO[0m Creating environment hook '/home/v120506/rmitbot_v4/lesson8_ws/install/rmitbot_bringup/share/rmitbot_bringup/hook/cmake_prefix_path.ps1'
[0.554s] [34mcolcon.colcon_core.shell[0m [1;30mINFO[0m Creating environment descriptor '/home/v120506/rmitbot_v4/lesson8_ws/install/rmitbot_bringup/share/rmitbot_bringup/hook/cmake_prefix_path.dsv'
[0.555s] [34mcolcon.colcon_core.shell[0m [1;30mINFO[0m Creating environment hook '/home/v120506/rmitbot_v4/lesson8_ws/install/rmitbot_bringup/share/rmitbot_bringup/hook/cmake_prefix_path.sh'
[0.556s] [34mcolcon.colcon_core.environment[0m [1;30mLevel 1[0m checking '/home/v120506/rmitbot_v4/lesson8_ws/install/rmitbot_bringup/bin'
[0.556s] [34mcolcon.colcon_core.environment[0m [1;30mLevel 1[0m checking '/home/v120506/rmitbot_v4/lesson8_ws/install/rmitbot_bringup/lib/pkgconfig/rmitbot_bringup.pc'
[0.557s] [34mcolcon.colcon_core.environment[0m [1;30mLevel 1[0m checking '/home/v120506/rmitbot_v4/lesson8_ws/install/rmitbot_bringup/lib/python3.12/site-packages'
[0.557s] [34mcolcon.colcon_core.environment[0m [1;30mLevel 1[0m checking '/home/v120506/rmitbot_v4/lesson8_ws/install/rmitbot_bringup/bin'
[0.558s] [34mcolcon.colcon_core.shell[0m [1;30mINFO[0m Creating package script '/home/v120506/rmitbot_v4/lesson8_ws/install/rmitbot_bringup/share/rmitbot_bringup/package.ps1'
[0.559s] [34mcolcon.colcon_core.shell[0m [1;30mINFO[0m Creating package descriptor '/home/v120506/rmitbot_v4/lesson8_ws/install/rmitbot_bringup/share/rmitbot_bringup/package.dsv'
[0.560s] [34mcolcon.colcon_core.shell[0m [1;30mINFO[0m Creating package script '/home/v120506/rmitbot_v4/lesson8_ws/install/rmitbot_bringup/share/rmitbot_bringup/package.sh'
[0.561s] [34mcolcon.colcon_core.shell[0m [1;30mINFO[0m Creating package script '/home/v120506/rmitbot_v4/lesson8_ws/install/rmitbot_bringup/share/rmitbot_bringup/package.bash'
[0.561s] [34mcolcon.colcon_core.shell[0m [1;30mINFO[0m Creating package script '/home/v120506/rmitbot_v4/lesson8_ws/install/rmitbot_bringup/share/rmitbot_bringup/package.zsh'
[0.562s] [34mcolcon.colcon_core.environment[0m [1;30mLevel 1[0m create_file_with_runtime_dependencies(/home/v120506/rmitbot_v4/lesson8_ws/install/rmitbot_bringup/share/colcon-core/packages/rmitbot_bringup)
[0.564s] [34mcolcon.colcon_core.environment[0m [1;30mLevel 1[0m create_environment_scripts_only(rmitbot_description)
[0.565s] [34mcolcon.colcon_core.environment[0m [1;30mLevel 1[0m checking '/home/v120506/rmitbot_v4/lesson8_ws/install/rmitbot_description' for CMake module files
[0.565s] [34mcolcon.colcon_core.event_handler.log_command[0m [1;30mDEBUG[0m [32mInvoked command in '/home/v120506/rmitbot_v4/lesson8_ws/build/rmitbot_description' returned '0': CMAKE_PREFIX_PATH=${CMAKE_PREFIX_PATH}:/opt/ros/jazzy DEBUGINFOD_URLS=https://debuginfod.ubuntu.com /usr/bin/cmake --install /home/v120506/rmitbot_v4/lesson8_ws/build/rmitbot_description[0m
[0.566s] [34mcolcon.colcon_core.environment[0m [1;30mLevel 1[0m checking '/home/v120506/rmitbot_v4/lesson8_ws/install/rmitbot_description' for CMake config files
[0.566s] [34mcolcon.colcon_core.shell[0m [1;30mLevel 1[0m create_environment_hook('rmitbot_description', 'cmake_prefix_path')
[0.566s] [34mcolcon.colcon_core.shell[0m [1;30mINFO[0m Creating environment hook '/home/v120506/rmitbot_v4/lesson8_ws/install/rmitbot_description/share/rmitbot_description/hook/cmake_prefix_path.ps1'
[0.567s] [34mcolcon.colcon_core.shell[0m [1;30mINFO[0m Creating environment descriptor '/home/v120506/rmitbot_v4/lesson8_ws/install/rmitbot_description/share/rmitbot_description/hook/cmake_prefix_path.dsv'
[0.567s] [34mcolcon.colcon_core.shell[0m [1;30mINFO[0m Creating environment hook '/home/v120506/rmitbot_v4/lesson8_ws/install/rmitbot_description/share/rmitbot_description/hook/cmake_prefix_path.sh'
[0.568s] [34mcolcon.colcon_core.environment[0m [1;30mLevel 1[0m checking '/home/v120506/rmitbot_v4/lesson8_ws/install/rmitbot_description/bin'
[0.568s] [34mcolcon.colcon_core.environment[0m [1;30mLevel 1[0m checking '/home/v120506/rmitbot_v4/lesson8_ws/install/rmitbot_description/lib/pkgconfig/rmitbot_description.pc'
[0.569s] [34mcolcon.colcon_core.environment[0m [1;30mLevel 1[0m checking '/home/v120506/rmitbot_v4/lesson8_ws/install/rmitbot_description/lib/python3.12/site-packages'
[0.569s] [34mcolcon.colcon_core.environment[0m [1;30mLevel 1[0m checking '/home/v120506/rmitbot_v4/lesson8_ws/install/rmitbot_description/bin'
[0.569s] [34mcolcon.colcon_core.shell[0m [1;30mINFO[0m Creating package script '/home/v120506/rmitbot_v4/lesson8_ws/install/rmitbot_description/share/rmitbot_description/package.ps1'
[0.570s] [34mcolcon.colcon_core.shell[0m [1;30mINFO[0m Creating package descriptor '/home/v120506/rmitbot_v4/lesson8_ws/install/rmitbot_description/share/rmitbot_description/package.dsv'
[0.571s] [34mcolcon.colcon_core.shell[0m [1;30mINFO[0m Creating package script '/home/v120506/rmitbot_v4/lesson8_ws/install/rmitbot_description/share/rmitbot_description/package.sh'
[0.572s] [34mcolcon.colcon_core.shell[0m [1;30mINFO[0m Creating package script '/home/v120506/rmitbot_v4/lesson8_ws/install/rmitbot_description/share/rmitbot_description/package.bash'
[0.572s] [34mcolcon.colcon_core.shell[0m [1;30mINFO[0m Creating package script '/home/v120506/rmitbot_v4/lesson8_ws/install/rmitbot_description/share/rmitbot_description/package.zsh'
[0.573s] [34mcolcon.colcon_core.environment[0m [1;30mLevel 1[0m create_file_with_runtime_dependencies(/home/v120506/rmitbot_v4/lesson8_ws/install/rmitbot_description/share/colcon-core/packages/rmitbot_description)
[0.574s] [34mcolcon.colcon_core.environment[0m [1;30mLevel 1[0m create_environment_scripts_only(rmitbot_description)
[0.574s] [34mcolcon.colcon_core.environment[0m [1;30mLevel 1[0m checking '/home/v120506/rmitbot_v4/lesson8_ws/install/rmitbot_description' for CMake module files
[0.575s] [34mcolcon.colcon_core.environment[0m [1;30mLevel 1[0m checking '/home/v120506/rmitbot_v4/lesson8_ws/install/rmitbot_description' for CMake config files
[0.575s] [34mcolcon.colcon_core.shell[0m [1;30mLevel 1[0m create_environment_hook('rmitbot_description', 'cmake_prefix_path')
[0.575s] [34mcolcon.colcon_core.shell[0m [1;30mINFO[0m Creating environment hook '/home/v120506/rmitbot_v4/lesson8_ws/install/rmitbot_description/share/rmitbot_description/hook/cmake_prefix_path.ps1'
[0.576s] [34mcolcon.colcon_core.shell[0m [1;30mINFO[0m Creating environment descriptor '/home/v120506/rmitbot_v4/lesson8_ws/install/rmitbot_description/share/rmitbot_description/hook/cmake_prefix_path.dsv'
[0.576s] [34mcolcon.colcon_core.shell[0m [1;30mINFO[0m Creating environment hook '/home/v120506/rmitbot_v4/lesson8_ws/install/rmitbot_description/share/rmitbot_description/hook/cmake_prefix_path.sh'
[0.577s] [34mcolcon.colcon_core.environment[0m [1;30mLevel 1[0m checking '/home/v120506/rmitbot_v4/lesson8_ws/install/rmitbot_description/bin'
[0.577s] [34mcolcon.colcon_core.environment[0m [1;30mLevel 1[0m checking '/home/v120506/rmitbot_v4/lesson8_ws/install/rmitbot_description/lib/pkgconfig/rmitbot_description.pc'
[0.577s] [34mcolcon.colcon_core.environment[0m [1;30mLevel 1[0m checking '/home/v120506/rmitbot_v4/lesson8_ws/install/rmitbot_description/lib/python3.12/site-packages'
[0.578s] [34mcolcon.colcon_core.environment[0m [1;30mLevel 1[0m checking '/home/v120506/rmitbot_v4/lesson8_ws/install/rmitbot_description/bin'
[0.578s] [34mcolcon.colcon_core.shell[0m [1;30mINFO[0m Creating package script '/home/v120506/rmitbot_v4/lesson8_ws/install/rmitbot_description/share/rmitbot_description/package.ps1'
[0.579s] [34mcolcon.colcon_core.shell[0m [1;30mINFO[0m Creating package descriptor '/home/v120506/rmitbot_v4/lesson8_ws/install/rmitbot_description/share/rmitbot_description/package.dsv'
[0.580s] [34mcolcon.colcon_core.shell[0m [1;30mINFO[0m Creating package script '/home/v120506/rmitbot_v4/lesson8_ws/install/rmitbot_description/share/rmitbot_description/package.sh'
[0.581s] [34mcolcon.colcon_core.shell[0m [1;30mINFO[0m Creating package script '/home/v120506/rmitbot_v4/lesson8_ws/install/rmitbot_description/share/rmitbot_description/package.bash'
[0.582s] [34mcolcon.colcon_core.shell[0m [1;30mINFO[0m Creating package script '/home/v120506/rmitbot_v4/lesson8_ws/install/rmitbot_description/share/rmitbot_description/package.zsh'
[0.582s] [34mcolcon.colcon_core.environment[0m [1;30mLevel 1[0m create_file_with_runtime_dependencies(/home/v120506/rmitbot_v4/lesson8_ws/install/rmitbot_description/share/colcon-core/packages/rmitbot_description)
[0.583s] [34mcolcon.colcon_core.environment[0m [1;30mLevel 1[0m create_environment_scripts_only(rmitbot_localization)
[0.584s] [34mcolcon.colcon_core.environment[0m [1;30mLevel 1[0m checking '/home/v120506/rmitbot_v4/lesson8_ws/install/rmitbot_localization' for CMake module files
[0.585s] [34mcolcon.colcon_core.environment[0m [1;30mLevel 1[0m checking '/home/v120506/rmitbot_v4/lesson8_ws/install/rmitbot_localization' for CMake config files
[0.585s] [34mcolcon.colcon_core.shell[0m [1;30mLevel 1[0m create_environment_hook('rmitbot_localization', 'cmake_prefix_path')
[0.586s] [34mcolcon.colcon_core.shell[0m [1;30mINFO[0m Creating environment hook '/home/v120506/rmitbot_v4/lesson8_ws/install/rmitbot_localization/share/rmitbot_localization/hook/cmake_prefix_path.ps1'
[0.590s] [34mcolcon.colcon_core.event_handler.log_command[0m [1;30mDEBUG[0m [32mInvoked command in '/home/v120506/rmitbot_v4/lesson8_ws/build/rmitbot_localization' returned '0': CMAKE_PREFIX_PATH=${CMAKE_PREFIX_PATH}:/opt/ros/jazzy DEBUGINFOD_URLS=https://debuginfod.ubuntu.com /usr/bin/cmake --install /home/v120506/rmitbot_v4/lesson8_ws/build/rmitbot_localization[0m
[0.591s] [34mcolcon.colcon_core.shell[0m [1;30mINFO[0m Creating environment descriptor '/home/v120506/rmitbot_v4/lesson8_ws/install/rmitbot_localization/share/rmitbot_localization/hook/cmake_prefix_path.dsv'
[0.592s] [34mcolcon.colcon_core.shell[0m [1;30mINFO[0m Creating environment hook '/home/v120506/rmitbot_v4/lesson8_ws/install/rmitbot_localization/share/rmitbot_localization/hook/cmake_prefix_path.sh'
[0.593s] [34mcolcon.colcon_core.environment[0m [1;30mLevel 1[0m checking '/home/v120506/rmitbot_v4/lesson8_ws/install/rmitbot_localization/bin'
[0.593s] [34mcolcon.colcon_core.environment[0m [1;30mLevel 1[0m checking '/home/v120506/rmitbot_v4/lesson8_ws/install/rmitbot_localization/lib/pkgconfig/rmitbot_localization.pc'
[0.593s] [34mcolcon.colcon_core.environment[0m [1;30mLevel 1[0m checking '/home/v120506/rmitbot_v4/lesson8_ws/install/rmitbot_localization/lib/python3.12/site-packages'
[0.593s] [34mcolcon.colcon_core.environment[0m [1;30mLevel 1[0m checking '/home/v120506/rmitbot_v4/lesson8_ws/install/rmitbot_localization/bin'
[0.594s] [34mcolcon.colcon_core.shell[0m [1;30mINFO[0m Creating package script '/home/v120506/rmitbot_v4/lesson8_ws/install/rmitbot_localization/share/rmitbot_localization/package.ps1'
[0.595s] [34mcolcon.colcon_core.shell[0m [1;30mINFO[0m Creating package descriptor '/home/v120506/rmitbot_v4/lesson8_ws/install/rmitbot_localization/share/rmitbot_localization/package.dsv'
[0.595s] [34mcolcon.colcon_core.shell[0m [1;30mINFO[0m Creating package script '/home/v120506/rmitbot_v4/lesson8_ws/install/rmitbot_localization/share/rmitbot_localization/package.sh'
[0.596s] [34mcolcon.colcon_core.shell[0m [1;30mINFO[0m Creating package script '/home/v120506/rmitbot_v4/lesson8_ws/install/rmitbot_localization/share/rmitbot_localization/package.bash'
[0.597s] [34mcolcon.colcon_core.shell[0m [1;30mINFO[0m Creating package script '/home/v120506/rmitbot_v4/lesson8_ws/install/rmitbot_localization/share/rmitbot_localization/package.zsh'
[0.597s] [34mcolcon.colcon_core.environment[0m [1;30mLevel 1[0m create_file_with_runtime_dependencies(/home/v120506/rmitbot_v4/lesson8_ws/install/rmitbot_localization/share/colcon-core/packages/rmitbot_localization)
[0.598s] [34mcolcon.colcon_core.environment[0m [1;30mLevel 1[0m create_environment_scripts_only(rmitbot_localization)
[0.598s] [34mcolcon.colcon_core.environment[0m [1;30mLevel 1[0m checking '/home/v120506/rmitbot_v4/lesson8_ws/install/rmitbot_localization' for CMake module files
[0.600s] [34mcolcon.colcon_core.environment[0m [1;30mLevel 1[0m checking '/home/v120506/rmitbot_v4/lesson8_ws/install/rmitbot_localization' for CMake config files
[0.600s] [34mcolcon.colcon_core.shell[0m [1;30mLevel 1[0m create_environment_hook('rmitbot_localization', 'cmake_prefix_path')
[0.600s] [34mcolcon.colcon_core.shell[0m [1;30mINFO[0m Creating environment hook '/home/v120506/rmitbot_v4/lesson8_ws/install/rmitbot_localization/share/rmitbot_localization/hook/cmake_prefix_path.ps1'
[0.601s] [34mcolcon.colcon_core.shell[0m [1;30mINFO[0m Creating environment descriptor '/home/v120506/rmitbot_v4/lesson8_ws/install/rmitbot_localization/share/rmitbot_localization/hook/cmake_prefix_path.dsv'
[0.601s] [34mcolcon.colcon_core.shell[0m [1;30mINFO[0m Creating environment hook '/home/v120506/rmitbot_v4/lesson8_ws/install/rmitbot_localization/share/rmitbot_localization/hook/cmake_prefix_path.sh'
[0.602s] [34mcolcon.colcon_core.environment[0m [1;30mLevel 1[0m checking '/home/v120506/rmitbot_v4/lesson8_ws/install/rmitbot_localization/bin'
[0.602s] [34mcolcon.colcon_core.environment[0m [1;30mLevel 1[0m checking '/home/v120506/rmitbot_v4/lesson8_ws/install/rmitbot_localization/lib/pkgconfig/rmitbot_localization.pc'
[0.603s] [34mcolcon.colcon_core.environment[0m [1;30mLevel 1[0m checking '/home/v120506/rmitbot_v4/lesson8_ws/install/rmitbot_localization/lib/python3.12/site-packages'
[0.603s] [34mcolcon.colcon_core.environment[0m [1;30mLevel 1[0m checking '/home/v120506/rmitbot_v4/lesson8_ws/install/rmitbot_localization/bin'
[0.603s] [34mcolcon.colcon_core.shell[0m [1;30mINFO[0m Creating package script '/home/v120506/rmitbot_v4/lesson8_ws/install/rmitbot_localization/share/rmitbot_localization/package.ps1'
[0.604s] [34mcolcon.colcon_core.shell[0m [1;30mINFO[0m Creating package descriptor '/home/v120506/rmitbot_v4/lesson8_ws/install/rmitbot_localization/share/rmitbot_localization/package.dsv'
[0.605s] [34mcolcon.colcon_core.shell[0m [1;30mINFO[0m Creating package script '/home/v120506/rmitbot_v4/lesson8_ws/install/rmitbot_localization/share/rmitbot_localization/package.sh'
[0.606s] [34mcolcon.colcon_core.shell[0m [1;30mINFO[0m Creating package script '/home/v120506/rmitbot_v4/lesson8_ws/install/rmitbot_localization/share/rmitbot_localization/package.bash'
[0.606s] [34mcolcon.colcon_core.shell[0m [1;30mINFO[0m Creating package script '/home/v120506/rmitbot_v4/lesson8_ws/install/rmitbot_localization/share/rmitbot_localization/package.zsh'
[0.607s] [34mcolcon.colcon_core.environment[0m [1;30mLevel 1[0m create_file_with_runtime_dependencies(/home/v120506/rmitbot_v4/lesson8_ws/install/rmitbot_localization/share/colcon-core/packages/rmitbot_localization)
[0.607s] [34mcolcon.colcon_core.environment[0m [1;30mLevel 1[0m create_environment_scripts_only(rmitbot_controller)
[0.607s] [34mcolcon.colcon_core.environment[0m [1;30mLevel 1[0m checking '/home/v120506/rmitbot_v4/lesson8_ws/install/rmitbot_controller' for CMake module files
[0.609s] [34mcolcon.colcon_core.event_handler.log_command[0m [1;30mDEBUG[0m [32mInvoked command in '/home/v120506/rmitbot_v4/lesson8_ws/build/rmitbot_controller' returned '0': CMAKE_PREFIX_PATH=${CMAKE_PREFIX_PATH}:/opt/ros/jazzy DEBUGINFOD_URLS=https://debuginfod.ubuntu.com /usr/bin/cmake --install /home/v120506/rmitbot_v4/lesson8_ws/build/rmitbot_controller[0m
[0.610s] [34mcolcon.colcon_core.environment[0m [1;30mLevel 1[0m checking '/home/v120506/rmitbot_v4/lesson8_ws/install/rmitbot_controller' for CMake config files
[0.610s] [34mcolcon.colcon_core.shell[0m [1;30mLevel 1[0m create_environment_hook('rmitbot_controller', 'cmake_prefix_path')
[0.610s] [34mcolcon.colcon_core.shell[0m [1;30mINFO[0m Creating environment hook '/home/v120506/rmitbot_v4/lesson8_ws/install/rmitbot_controller/share/rmitbot_controller/hook/cmake_prefix_path.ps1'
[0.611s] [34mcolcon.colcon_core.shell[0m [1;30mINFO[0m Creating environment descriptor '/home/v120506/rmitbot_v4/lesson8_ws/install/rmitbot_controller/share/rmitbot_controller/hook/cmake_prefix_path.dsv'
[0.612s] [34mcolcon.colcon_core.shell[0m [1;30mINFO[0m Creating environment hook '/home/v120506/rmitbot_v4/lesson8_ws/install/rmitbot_controller/share/rmitbot_controller/hook/cmake_prefix_path.sh'
[0.614s] [34mcolcon.colcon_core.environment[0m [1;30mLevel 1[0m checking '/home/v120506/rmitbot_v4/lesson8_ws/install/rmitbot_controller/bin'
[0.614s] [34mcolcon.colcon_core.environment[0m [1;30mLevel 1[0m checking '/home/v120506/rmitbot_v4/lesson8_ws/install/rmitbot_controller/lib/pkgconfig/rmitbot_controller.pc'
[0.614s] [34mcolcon.colcon_core.environment[0m [1;30mLevel 1[0m checking '/home/v120506/rmitbot_v4/lesson8_ws/install/rmitbot_controller/lib/python3.12/site-packages'
[0.615s] [34mcolcon.colcon_core.environment[0m [1;30mLevel 1[0m checking '/home/v120506/rmitbot_v4/lesson8_ws/install/rmitbot_controller/bin'
[0.616s] [34mcolcon.colcon_core.shell[0m [1;30mINFO[0m Creating package script '/home/v120506/rmitbot_v4/lesson8_ws/install/rmitbot_controller/share/rmitbot_controller/package.ps1'
[0.617s] [34mcolcon.colcon_core.shell[0m [1;30mINFO[0m Creating package descriptor '/home/v120506/rmitbot_v4/lesson8_ws/install/rmitbot_controller/share/rmitbot_controller/package.dsv'
[0.618s] [34mcolcon.colcon_core.shell[0m [1;30mINFO[0m Creating package script '/home/v120506/rmitbot_v4/lesson8_ws/install/rmitbot_controller/share/rmitbot_controller/package.sh'
[0.619s] [34mcolcon.colcon_core.shell[0m [1;30mINFO[0m Creating package script '/home/v120506/rmitbot_v4/lesson8_ws/install/rmitbot_controller/share/rmitbot_controller/package.bash'
[0.620s] [34mcolcon.colcon_core.shell[0m [1;30mINFO[0m Creating package script '/home/v120506/rmitbot_v4/lesson8_ws/install/rmitbot_controller/share/rmitbot_controller/package.zsh'
[0.621s] [34mcolcon.colcon_core.environment[0m [1;30mLevel 1[0m create_file_with_runtime_dependencies(/home/v120506/rmitbot_v4/lesson8_ws/install/rmitbot_controller/share/colcon-core/packages/rmitbot_controller)
[0.621s] [34mcolcon.colcon_core.environment[0m [1;30mLevel 1[0m create_environment_scripts_only(rmitbot_controller)
[0.622s] [34mcolcon.colcon_core.environment[0m [1;30mLevel 1[0m checking '/home/v120506/rmitbot_v4/lesson8_ws/install/rmitbot_controller' for CMake module files
[0.623s] [34mcolcon.colcon_core.environment[0m [1;30mLevel 1[0m checking '/home/v120506/rmitbot_v4/lesson8_ws/install/rmitbot_controller' for CMake config files
[0.623s] [34mcolcon.colcon_core.shell[0m [1;30mLevel 1[0m create_environment_hook('rmitbot_controller', 'cmake_prefix_path')
[0.624s] [34mcolcon.colcon_core.shell[0m [1;30mINFO[0m Creating environment hook '/home/v120506/rmitbot_v4/lesson8_ws/install/rmitbot_controller/share/rmitbot_controller/hook/cmake_prefix_path.ps1'
[0.625s] [34mcolcon.colcon_core.shell[0m [1;30mINFO[0m Creating environment descriptor '/home/v120506/rmitbot_v4/lesson8_ws/install/rmitbot_controller/share/rmitbot_controller/hook/cmake_prefix_path.dsv'
[0.625s] [34mcolcon.colcon_core.shell[0m [1;30mINFO[0m Creating environment hook '/home/v120506/rmitbot_v4/lesson8_ws/install/rmitbot_controller/share/rmitbot_controller/hook/cmake_prefix_path.sh'
[0.627s] [34mcolcon.colcon_core.environment[0m [1;30mLevel 1[0m checking '/home/v120506/rmitbot_v4/lesson8_ws/install/rmitbot_controller/bin'
[0.627s] [34mcolcon.colcon_core.environment[0m [1;30mLevel 1[0m checking '/home/v120506/rmitbot_v4/lesson8_ws/install/rmitbot_controller/lib/pkgconfig/rmitbot_controller.pc'
[0.627s] [34mcolcon.colcon_core.environment[0m [1;30mLevel 1[0m checking '/home/v120506/rmitbot_v4/lesson8_ws/install/rmitbot_controller/lib/python3.12/site-packages'
[0.628s] [34mcolcon.colcon_core.environment[0m [1;30mLevel 1[0m checking '/home/v120506/rmitbot_v4/lesson8_ws/install/rmitbot_controller/bin'
[0.628s] [34mcolcon.colcon_core.shell[0m [1;30mINFO[0m Creating package script '/home/v120506/rmitbot_v4/lesson8_ws/install/rmitbot_controller/share/rmitbot_controller/package.ps1'
[0.629s] [34mcolcon.colcon_core.shell[0m [1;30mINFO[0m Creating package descriptor '/home/v120506/rmitbot_v4/lesson8_ws/install/rmitbot_controller/share/rmitbot_controller/package.dsv'
[0.630s] [34mcolcon.colcon_core.shell[0m [1;30mINFO[0m Creating package script '/home/v120506/rmitbot_v4/lesson8_ws/install/rmitbot_controller/share/rmitbot_controller/package.sh'
[0.631s] [34mcolcon.colcon_core.shell[0m [1;30mINFO[0m Creating package script '/home/v120506/rmitbot_v4/lesson8_ws/install/rmitbot_controller/share/rmitbot_controller/package.bash'
[0.631s] [34mcolcon.colcon_core.shell[0m [1;30mINFO[0m Creating package script '/home/v120506/rmitbot_v4/lesson8_ws/install/rmitbot_controller/share/rmitbot_controller/package.zsh'
[0.632s] [34mcolcon.colcon_core.environment[0m [1;30mLevel 1[0m create_file_with_runtime_dependencies(/home/v120506/rmitbot_v4/lesson8_ws/install/rmitbot_controller/share/colcon-core/packages/rmitbot_controller)
[0.635s] [34mcolcon.colcon_core.event_handler.log_command[0m [1;30mDEBUG[0m [32mInvoked command in '/home/v120506/rmitbot_v4/lesson8_ws/build/rmitbot_firmware' returned '0': CMAKE_PREFIX_PATH=${CMAKE_PREFIX_PATH}:/opt/ros/jazzy DEBUGINFOD_URLS=https://debuginfod.ubuntu.com /usr/bin/cmake --build /home/v120506/rmitbot_v4/lesson8_ws/build/rmitbot_firmware -- -j8 -l8[0m
[0.636s] [34mcolcon.colcon_core.event_handler.log_command[0m [1;30mDEBUG[0m [32mInvoking command in '/home/v120506/rmitbot_v4/lesson8_ws/build/rmitbot_firmware': CMAKE_PREFIX_PATH=${CMAKE_PREFIX_PATH}:/opt/ros/jazzy DEBUGINFOD_URLS=https://debuginfod.ubuntu.com /usr/bin/cmake --install /home/v120506/rmitbot_v4/lesson8_ws/build/rmitbot_firmware[0m
[0.667s] [34mcolcon.colcon_core.environment[0m [1;30mLevel 1[0m create_environment_scripts_only(rmitbot_firmware)
[0.667s] [34mcolcon.colcon_core.environment[0m [1;30mLevel 1[0m checking '/home/v120506/rmitbot_v4/lesson8_ws/install/rmitbot_firmware' for CMake module files
[0.668s] [34mcolcon.colcon_core.event_handler.log_command[0m [1;30mDEBUG[0m [32mInvoked command in '/home/v120506/rmitbot_v4/lesson8_ws/build/rmitbot_firmware' returned '0': CMAKE_PREFIX_PATH=${CMAKE_PREFIX_PATH}:/opt/ros/jazzy DEBUGINFOD_URLS=https://debuginfod.ubuntu.com /usr/bin/cmake --install /home/v120506/rmitbot_v4/lesson8_ws/build/rmitbot_firmware[0m
[0.669s] [34mcolcon.colcon_core.environment[0m [1;30mLevel 1[0m checking '/home/v120506/rmitbot_v4/lesson8_ws/install/rmitbot_firmware' for CMake config files
[0.670s] [34mcolcon.colcon_core.shell[0m [1;30mLevel 1[0m create_environment_hook('rmitbot_firmware', 'cmake_prefix_path')
[0.670s] [34mcolcon.colcon_core.shell[0m [1;30mINFO[0m Creating environment hook '/home/v120506/rmitbot_v4/lesson8_ws/install/rmitbot_firmware/share/rmitbot_firmware/hook/cmake_prefix_path.ps1'
[0.671s] [34mcolcon.colcon_core.shell[0m [1;30mINFO[0m Creating environment descriptor '/home/v120506/rmitbot_v4/lesson8_ws/install/rmitbot_firmware/share/rmitbot_firmware/hook/cmake_prefix_path.dsv'
[0.672s] [34mcolcon.colcon_core.shell[0m [1;30mINFO[0m Creating environment hook '/home/v120506/rmitbot_v4/lesson8_ws/install/rmitbot_firmware/share/rmitbot_firmware/hook/cmake_prefix_path.sh'
[0.674s] [34mcolcon.colcon_core.environment[0m [1;30mLevel 1[0m checking '/home/v120506/rmitbot_v4/lesson8_ws/install/rmitbot_firmware/lib'
[0.674s] [34mcolcon.colcon_core.shell[0m [1;30mLevel 1[0m create_environment_hook('rmitbot_firmware', 'ld_library_path_lib')
[0.674s] [34mcolcon.colcon_core.shell[0m [1;30mINFO[0m Creating environment hook '/home/v120506/rmitbot_v4/lesson8_ws/install/rmitbot_firmware/share/rmitbot_firmware/hook/ld_library_path_lib.ps1'
[0.675s] [34mcolcon.colcon_core.shell[0m [1;30mINFO[0m Creating environment descriptor '/home/v120506/rmitbot_v4/lesson8_ws/install/rmitbot_firmware/share/rmitbot_firmware/hook/ld_library_path_lib.dsv'
[0.676s] [34mcolcon.colcon_core.shell[0m [1;30mINFO[0m Creating environment hook '/home/v120506/rmitbot_v4/lesson8_ws/install/rmitbot_firmware/share/rmitbot_firmware/hook/ld_library_path_lib.sh'
[0.676s] [34mcolcon.colcon_core.environment[0m [1;30mLevel 1[0m checking '/home/v120506/rmitbot_v4/lesson8_ws/install/rmitbot_firmware/bin'
[0.676s] [34mcolcon.colcon_core.environment[0m [1;30mLevel 1[0m checking '/home/v120506/rmitbot_v4/lesson8_ws/install/rmitbot_firmware/lib/pkgconfig/rmitbot_firmware.pc'
[0.677s] [34mcolcon.colcon_core.environment[0m [1;30mLevel 1[0m checking '/home/v120506/rmitbot_v4/lesson8_ws/install/rmitbot_firmware/lib/python3.12/site-packages'
[0.677s] [34mcolcon.colcon_core.environment[0m [1;30mLevel 1[0m checking '/home/v120506/rmitbot_v4/lesson8_ws/install/rmitbot_firmware/bin'
[0.678s] [34mcolcon.colcon_core.shell[0m [1;30mINFO[0m Creating package script '/home/v120506/rmitbot_v4/lesson8_ws/install/rmitbot_firmware/share/rmitbot_firmware/package.ps1'
[0.680s] [34mcolcon.colcon_core.shell[0m [1;30mINFO[0m Creating package descriptor '/home/v120506/rmitbot_v4/lesson8_ws/install/rmitbot_firmware/share/rmitbot_firmware/package.dsv'
[0.681s] [34mcolcon.colcon_core.shell[0m [1;30mINFO[0m Creating package script '/home/v120506/rmitbot_v4/lesson8_ws/install/rmitbot_firmware/share/rmitbot_firmware/package.sh'
[0.682s] [34mcolcon.colcon_core.shell[0m [1;30mINFO[0m Creating package script '/home/v120506/rmitbot_v4/lesson8_ws/install/rmitbot_firmware/share/rmitbot_firmware/package.bash'
[0.683s] [34mcolcon.colcon_core.shell[0m [1;30mINFO[0m Creating package script '/home/v120506/rmitbot_v4/lesson8_ws/install/rmitbot_firmware/share/rmitbot_firmware/package.zsh'
[0.683s] [34mcolcon.colcon_core.environment[0m [1;30mLevel 1[0m create_file_with_runtime_dependencies(/home/v120506/rmitbot_v4/lesson8_ws/install/rmitbot_firmware/share/colcon-core/packages/rmitbot_firmware)
[0.685s] [34mcolcon.colcon_core.environment[0m [1;30mLevel 1[0m create_environment_scripts_only(rmitbot_firmware)
[0.685s] [34mcolcon.colcon_core.environment[0m [1;30mLevel 1[0m checking '/home/v120506/rmitbot_v4/lesson8_ws/install/rmitbot_firmware' for CMake module files
[0.687s] [34mcolcon.colcon_core.environment[0m [1;30mLevel 1[0m checking '/home/v120506/rmitbot_v4/lesson8_ws/install/rmitbot_firmware' for CMake config files
[0.687s] [34mcolcon.colcon_core.shell[0m [1;30mLevel 1[0m create_environment_hook('rmitbot_firmware', 'cmake_prefix_path')
[0.688s] [34mcolcon.colcon_core.shell[0m [1;30mINFO[0m Creating environment hook '/home/v120506/rmitbot_v4/lesson8_ws/install/rmitbot_firmware/share/rmitbot_firmware/hook/cmake_prefix_path.ps1'
[0.689s] [34mcolcon.colcon_core.shell[0m [1;30mINFO[0m Creating environment descriptor '/home/v120506/rmitbot_v4/lesson8_ws/install/rmitbot_firmware/share/rmitbot_firmware/hook/cmake_prefix_path.dsv'
[0.690s] [34mcolcon.colcon_core.shell[0m [1;30mINFO[0m Creating environment hook '/home/v120506/rmitbot_v4/lesson8_ws/install/rmitbot_firmware/share/rmitbot_firmware/hook/cmake_prefix_path.sh'
[0.692s] [34mcolcon.colcon_core.environment[0m [1;30mLevel 1[0m checking '/home/v120506/rmitbot_v4/lesson8_ws/install/rmitbot_firmware/lib'
[0.692s] [34mcolcon.colcon_core.shell[0m [1;30mLevel 1[0m create_environment_hook('rmitbot_firmware', 'ld_library_path_lib')
[0.692s] [34mcolcon.colcon_core.shell[0m [1;30mINFO[0m Creating environment hook '/home/v120506/rmitbot_v4/lesson8_ws/install/rmitbot_firmware/share/rmitbot_firmware/hook/ld_library_path_lib.ps1'
[0.693s] [34mcolcon.colcon_core.shell[0m [1;30mINFO[0m Creating environment descriptor '/home/v120506/rmitbot_v4/lesson8_ws/install/rmitbot_firmware/share/rmitbot_firmware/hook/ld_library_path_lib.dsv'
[0.694s] [34mcolcon.colcon_core.shell[0m [1;30mINFO[0m Creating environment hook '/home/v120506/rmitbot_v4/lesson8_ws/install/rmitbot_firmware/share/rmitbot_firmware/hook/ld_library_path_lib.sh'
[0.694s] [34mcolcon.colcon_core.environment[0m [1;30mLevel 1[0m checking '/home/v120506/rmitbot_v4/lesson8_ws/install/rmitbot_firmware/bin'
[0.695s] [34mcolcon.colcon_core.environment[0m [1;30mLevel 1[0m checking '/home/v120506/rmitbot_v4/lesson8_ws/install/rmitbot_firmware/lib/pkgconfig/rmitbot_firmware.pc'
[0.695s] [34mcolcon.colcon_core.environment[0m [1;30mLevel 1[0m checking '/home/v120506/rmitbot_v4/lesson8_ws/install/rmitbot_firmware/lib/python3.12/site-packages'
[0.696s] [34mcolcon.colcon_core.environment[0m [1;30mLevel 1[0m checking '/home/v120506/rmitbot_v4/lesson8_ws/install/rmitbot_firmware/bin'
[0.696s] [34mcolcon.colcon_core.shell[0m [1;30mINFO[0m Creating package script '/home/v120506/rmitbot_v4/lesson8_ws/install/rmitbot_firmware/share/rmitbot_firmware/package.ps1'
[0.697s] [34mcolcon.colcon_core.shell[0m [1;30mINFO[0m Creating package descriptor '/home/v120506/rmitbot_v4/lesson8_ws/install/rmitbot_firmware/share/rmitbot_firmware/package.dsv'
[0.698s] [34mcolcon.colcon_core.shell[0m [1;30mINFO[0m Creating package script '/home/v120506/rmitbot_v4/lesson8_ws/install/rmitbot_firmware/share/rmitbot_firmware/package.sh'
[0.699s] [34mcolcon.colcon_core.shell[0m [1;30mINFO[0m Creating package script '/home/v120506/rmitbot_v4/lesson8_ws/install/rmitbot_firmware/share/rmitbot_firmware/package.bash'
[0.700s] [34mcolcon.colcon_core.shell[0m [1;30mINFO[0m Creating package script '/home/v120506/rmitbot_v4/lesson8_ws/install/rmitbot_firmware/share/rmitbot_firmware/package.zsh'
[0.701s] [34mcolcon.colcon_core.environment[0m [1;30mLevel 1[0m create_file_with_runtime_dependencies(/home/v120506/rmitbot_v4/lesson8_ws/install/rmitbot_firmware/share/colcon-core/packages/rmitbot_firmware)
[0.701s] [34mcolcon.colcon_parallel_executor.executor.parallel[0m [1;30mDEBUG[0m [32mclosing loop[0m
[0.703s] [34mcolcon.colcon_parallel_executor.executor.parallel[0m [1;30mDEBUG[0m [32mloop closed[0m
[0.703s] [34mcolcon.colcon_parallel_executor.executor.parallel[0m [1;30mDEBUG[0m [32mrun_until_complete finished with '0'[0m
[0.703s] [34mcolcon.colcon_core.event_reactor[0m [1;30mDEBUG[0m [32mjoining thread[0m
[0.715s] [34mcolcon.colcon_core.plugin_system[0m [1;30mINFO[0m Skipping extension 'colcon_notification.desktop_notification.terminal_notifier': Not used on non-Darwin systems
[0.715s] [34mcolcon.colcon_core.plugin_system[0m [1;30mINFO[0m Skipping extension 'colcon_notification.desktop_notification.win32': Not used on non-Windows systems
[0.715s] [34mcolcon.colcon_notification.desktop_notification[0m [1;30mINFO[0m Sending desktop notification using 'notify2'
[0.728s] [34mcolcon.colcon_core.event_reactor[0m [1;30mDEBUG[0m [32mjoined thread[0m
[0.731s] [34mcolcon.colcon_core.shell[0m [1;30mINFO[0m Creating prefix script '/home/v120506/rmitbot_v4/lesson8_ws/install/local_setup.ps1'
[0.734s] [34mcolcon.colcon_core.shell[0m [1;30mINFO[0m Creating prefix util module '/home/v120506/rmitbot_v4/lesson8_ws/install/_local_setup_util_ps1.py'
[0.737s] [34mcolcon.colcon_core.shell[0m [1;30mINFO[0m Creating prefix chain script '/home/v120506/rmitbot_v4/lesson8_ws/install/setup.ps1'
[0.740s] [34mcolcon.colcon_core.shell[0m [1;30mINFO[0m Creating prefix script '/home/v120506/rmitbot_v4/lesson8_ws/install/local_setup.sh'
[0.741s] [34mcolcon.colcon_core.shell[0m [1;30mINFO[0m Creating prefix util module '/home/v120506/rmitbot_v4/lesson8_ws/install/_local_setup_util_sh.py'
[0.742s] [34mcolcon.colcon_core.shell[0m [1;30mINFO[0m Creating prefix chain script '/home/v120506/rmitbot_v4/lesson8_ws/install/setup.sh'
[0.744s] [34mcolcon.colcon_core.shell[0m [1;30mINFO[0m Creating prefix script '/home/v120506/rmitbot_v4/lesson8_ws/install/local_setup.bash'
[0.745s] [34mcolcon.colcon_core.shell[0m [1;30mINFO[0m Creating prefix chain script '/home/v120506/rmitbot_v4/lesson8_ws/install/setup.bash'
[0.747s] [34mcolcon.colcon_core.shell[0m [1;30mINFO[0m Creating prefix script '/home/v120506/rmitbot_v4/lesson8_ws/install/local_setup.zsh'
[0.748s] [34mcolcon.colcon_core.shell[0m [1;30mINFO[0m Creating prefix chain script '/home/v120506/rmitbot_v4/lesson8_ws/install/setup.zsh'
