[0.084s] [34mcolcon[0m [1;30mDEBUG[0m [32mCommand line arguments: ['/usr/bin/colcon', 'build'][0m
[0.084s] [34mcolcon[0m [1;30mDEBUG[0m [32mParsed command line arguments: Namespace(log_base=None, log_level=None, verb_name='build', build_base='build', install_base='install', merge_install=False, symlink_install=False, test_result_base=None, continue_on_error=False, executor='parallel', parallel_workers=8, event_handlers=None, ignore_user_meta=False, metas=['./colcon.meta'], base_paths=['.'], packages_ignore=None, packages_ignore_regex=None, paths=None, packages_up_to=None, packages_up_to_regex=None, packages_above=None, packages_above_and_dependencies=None, packages_above_depth=None, packages_select_by_dep=None, packages_skip_by_dep=None, packages_skip_up_to=None, packages_select_build_failed=False, packages_skip_build_finished=False, packages_select_test_failures=False, packages_skip_test_passed=False, packages_select=None, packages_skip=None, packages_select_regex=None, packages_skip_regex=None, packages_start=None, packages_end=None, allow_overriding=[], cmake_args=None, cmake_target=None, cmake_target_skip_unavailable=False, cmake_clean_cache=False, cmake_clean_first=False, cmake_force_configure=False, ament_cmake_args=None, catkin_cmake_args=None, catkin_skip_building_tests=False, mixin_files=None, mixin=None, verb_parser=<colcon_mixin.mixin.mixin_argument.MixinArgumentDecorator object at 0x7740965e3830>, verb_extension=<colcon_core.verb.build.BuildVerb object at 0x774096763ce0>, main=<bound method BuildVerb.main of <colcon_core.verb.build.BuildVerb object at 0x774096763ce0>>, mixin_verb=('build',))[0m
[0.112s] [34mcolcon.colcon_core.package_discovery[0m [1;30mLevel 1[0m discover_packages(colcon_meta) check parameters
[0.112s] [34mcolcon.colcon_core.package_discovery[0m [1;30mLevel 1[0m discover_packages(recursive) check parameters
[0.112s] [34mcolcon.colcon_core.package_discovery[0m [1;30mLevel 1[0m discover_packages(ignore) check parameters
[0.113s] [34mcolcon.colcon_core.package_discovery[0m [1;30mLevel 1[0m discover_packages(path) check parameters
[0.113s] [34mcolcon.colcon_core.package_discovery[0m [1;30mLevel 1[0m discover_packages(colcon_meta) discover
[0.113s] [34mcolcon.colcon_core.package_discovery[0m [1;30mLevel 1[0m discover_packages(recursive) discover
[0.113s] [34mcolcon.colcon_core.package_discovery[0m [1;30mINFO[0m Crawling recursively for packages in '/home/v120506/rmitbot_v4/lesson8_ws'
[0.113s] [34mcolcon.colcon_core.package_identification[0m [1;30mLevel 1[0m _identify(.) by extensions ['ignore', 'ignore_ament_install']
[0.113s] [34mcolcon.colcon_core.package_identification[0m [1;30mLevel 1[0m _identify(.) by extension 'ignore'
[0.113s] [34mcolcon.colcon_core.package_identification[0m [1;30mLevel 1[0m _identify(.) by extension 'ignore_ament_install'
[0.113s] [34mcolcon.colcon_core.package_identification[0m [1;30mLevel 1[0m _identify(.) by extensions ['colcon_pkg']
[0.113s] [34mcolcon.colcon_core.package_identification[0m [1;30mLevel 1[0m _identify(.) by extension 'colcon_pkg'
[0.113s] [34mcolcon.colcon_core.package_identification[0m [1;30mLevel 1[0m _identify(.) by extensions ['colcon_meta']
[0.113s] [34mcolcon.colcon_core.package_identification[0m [1;30mLevel 1[0m _identify(.) by extension 'colcon_meta'
[0.113s] [34mcolcon.colcon_core.package_identification[0m [1;30mLevel 1[0m _identify(.) by extensions ['ros']
[0.113s] [34mcolcon.colcon_core.package_identification[0m [1;30mLevel 1[0m _identify(.) by extension 'ros'
[0.130s] [34mcolcon.colcon_core.package_identification[0m [1;30mLevel 1[0m _identify(.) by extensions ['cmake', 'python']
[0.130s] [34mcolcon.colcon_core.package_identification[0m [1;30mLevel 1[0m _identify(.) by extension 'cmake'
[0.130s] [34mcolcon.colcon_core.package_identification[0m [1;30mLevel 1[0m _identify(.) by extension 'python'
[0.130s] [34mcolcon.colcon_core.package_identification[0m [1;30mLevel 1[0m _identify(.) by extensions ['python_setup_py']
[0.130s] [34mcolcon.colcon_core.package_identification[0m [1;30mLevel 1[0m _identify(.) by extension 'python_setup_py'
[0.130s] [34mcolcon.colcon_core.package_identification[0m [1;30mLevel 1[0m _identify(build) by extensions ['ignore', 'ignore_ament_install']
[0.130s] [34mcolcon.colcon_core.package_identification[0m [1;30mLevel 1[0m _identify(build) by extension 'ignore'
[0.130s] [34mcolcon.colcon_core.package_identification[0m [1;30mLevel 1[0m _identify(build) ignored
[0.131s] [34mcolcon.colcon_core.package_identification[0m [1;30mLevel 1[0m _identify(install) by extensions ['ignore', 'ignore_ament_install']
[0.131s] [34mcolcon.colcon_core.package_identification[0m [1;30mLevel 1[0m _identify(install) by extension 'ignore'
[0.131s] [34mcolcon.colcon_core.package_identification[0m [1;30mLevel 1[0m _identify(install) ignored
[0.131s] [34mcolcon.colcon_core.package_identification[0m [1;30mLevel 1[0m _identify(log) by extensions ['ignore', 'ignore_ament_install']
[0.131s] [34mcolcon.colcon_core.package_identification[0m [1;30mLevel 1[0m _identify(log) by extension 'ignore'
[0.131s] [34mcolcon.colcon_core.package_identification[0m [1;30mLevel 1[0m _identify(log) ignored
[0.131s] [34mcolcon.colcon_core.package_identification[0m [1;30mLevel 1[0m _identify(src) by extensions ['ignore', 'ignore_ament_install']
[0.131s] [34mcolcon.colcon_core.package_identification[0m [1;30mLevel 1[0m _identify(src) by extension 'ignore'
[0.131s] [34mcolcon.colcon_core.package_identification[0m [1;30mLevel 1[0m _identify(src) by extension 'ignore_ament_install'
[0.131s] [34mcolcon.colcon_core.package_identification[0m [1;30mLevel 1[0m _identify(src) by extensions ['colcon_pkg']
[0.131s] [34mcolcon.colcon_core.package_identification[0m [1;30mLevel 1[0m _identify(src) by extension 'colcon_pkg'
[0.131s] [34mcolcon.colcon_core.package_identification[0m [1;30mLevel 1[0m _identify(src) by extensions ['colcon_meta']
[0.131s] [34mcolcon.colcon_core.package_identification[0m [1;30mLevel 1[0m _identify(src) by extension 'colcon_meta'
[0.131s] [34mcolcon.colcon_core.package_identification[0m [1;30mLevel 1[0m _identify(src) by extensions ['ros']
[0.131s] [34mcolcon.colcon_core.package_identification[0m [1;30mLevel 1[0m _identify(src) by extension 'ros'
[0.131s] [34mcolcon.colcon_core.package_identification[0m [1;30mLevel 1[0m _identify(src) by extensions ['cmake', 'python']
[0.131s] [34mcolcon.colcon_core.package_identification[0m [1;30mLevel 1[0m _identify(src) by extension 'cmake'
[0.131s] [34mcolcon.colcon_core.package_identification[0m [1;30mLevel 1[0m _identify(src) by extension 'python'
[0.131s] [34mcolcon.colcon_core.package_identification[0m [1;30mLevel 1[0m _identify(src) by extensions ['python_setup_py']
[0.131s] [34mcolcon.colcon_core.package_identification[0m [1;30mLevel 1[0m _identify(src) by extension 'python_setup_py'
[0.132s] [34mcolcon.colcon_core.package_identification[0m [1;30mLevel 1[0m _identify(src/rmitbot_bringup) by extensions ['ignore', 'ignore_ament_install']
[0.132s] [34mcolcon.colcon_core.package_identification[0m [1;30mLevel 1[0m _identify(src/rmitbot_bringup) by extension 'ignore'
[0.132s] [34mcolcon.colcon_core.package_identification[0m [1;30mLevel 1[0m _identify(src/rmitbot_bringup) by extension 'ignore_ament_install'
[0.132s] [34mcolcon.colcon_core.package_identification[0m [1;30mLevel 1[0m _identify(src/rmitbot_bringup) by extensions ['colcon_pkg']
[0.132s] [34mcolcon.colcon_core.package_identification[0m [1;30mLevel 1[0m _identify(src/rmitbot_bringup) by extension 'colcon_pkg'
[0.132s] [34mcolcon.colcon_core.package_identification[0m [1;30mLevel 1[0m _identify(src/rmitbot_bringup) by extensions ['colcon_meta']
[0.132s] [34mcolcon.colcon_core.package_identification[0m [1;30mLevel 1[0m _identify(src/rmitbot_bringup) by extension 'colcon_meta'
[0.132s] [34mcolcon.colcon_core.package_identification[0m [1;30mLevel 1[0m _identify(src/rmitbot_bringup) by extensions ['ros']
[0.132s] [34mcolcon.colcon_core.package_identification[0m [1;30mLevel 1[0m _identify(src/rmitbot_bringup) by extension 'ros'
[0.134s] [34mcolcon.colcon_core.package_identification[0m [1;30mDEBUG[0m [32mPackage 'src/rmitbot_bringup' with type 'ros.ament_cmake' and name 'rmitbot_bringup'[0m
[0.134s] [34mcolcon.colcon_core.package_identification[0m [1;30mLevel 1[0m _identify(src/rmitbot_controller) by extensions ['ignore', 'ignore_ament_install']
[0.134s] [34mcolcon.colcon_core.package_identification[0m [1;30mLevel 1[0m _identify(src/rmitbot_controller) by extension 'ignore'
[0.134s] [34mcolcon.colcon_core.package_identification[0m [1;30mLevel 1[0m _identify(src/rmitbot_controller) by extension 'ignore_ament_install'
[0.134s] [34mcolcon.colcon_core.package_identification[0m [1;30mLevel 1[0m _identify(src/rmitbot_controller) by extensions ['colcon_pkg']
[0.134s] [34mcolcon.colcon_core.package_identification[0m [1;30mLevel 1[0m _identify(src/rmitbot_controller) by extension 'colcon_pkg'
[0.134s] [34mcolcon.colcon_core.package_identification[0m [1;30mLevel 1[0m _identify(src/rmitbot_controller) by extensions ['colcon_meta']
[0.134s] [34mcolcon.colcon_core.package_identification[0m [1;30mLevel 1[0m _identify(src/rmitbot_controller) by extension 'colcon_meta'
[0.134s] [34mcolcon.colcon_core.package_identification[0m [1;30mLevel 1[0m _identify(src/rmitbot_controller) by extensions ['ros']
[0.134s] [34mcolcon.colcon_core.package_identification[0m [1;30mLevel 1[0m _identify(src/rmitbot_controller) by extension 'ros'
[0.135s] [34mcolcon.colcon_core.package_identification[0m [1;30mDEBUG[0m [32mPackage 'src/rmitbot_controller' with type 'ros.ament_cmake' and name 'rmitbot_controller'[0m
[0.135s] [34mcolcon.colcon_core.package_identification[0m [1;30mLevel 1[0m _identify(src/rmitbot_description) by extensions ['ignore', 'ignore_ament_install']
[0.135s] [34mcolcon.colcon_core.package_identification[0m [1;30mLevel 1[0m _identify(src/rmitbot_description) by extension 'ignore'
[0.135s] [34mcolcon.colcon_core.package_identification[0m [1;30mLevel 1[0m _identify(src/rmitbot_description) by extension 'ignore_ament_install'
[0.135s] [34mcolcon.colcon_core.package_identification[0m [1;30mLevel 1[0m _identify(src/rmitbot_description) by extensions ['colcon_pkg']
[0.135s] [34mcolcon.colcon_core.package_identification[0m [1;30mLevel 1[0m _identify(src/rmitbot_description) by extension 'colcon_pkg'
[0.135s] [34mcolcon.colcon_core.package_identification[0m [1;30mLevel 1[0m _identify(src/rmitbot_description) by extensions ['colcon_meta']
[0.135s] [34mcolcon.colcon_core.package_identification[0m [1;30mLevel 1[0m _identify(src/rmitbot_description) by extension 'colcon_meta'
[0.135s] [34mcolcon.colcon_core.package_identification[0m [1;30mLevel 1[0m _identify(src/rmitbot_description) by extensions ['ros']
[0.135s] [34mcolcon.colcon_core.package_identification[0m [1;30mLevel 1[0m _identify(src/rmitbot_description) by extension 'ros'
[0.136s] [34mcolcon.colcon_core.package_identification[0m [1;30mDEBUG[0m [32mPackage 'src/rmitbot_description' with type 'ros.ament_cmake' and name 'rmitbot_description'[0m
[0.136s] [34mcolcon.colcon_core.package_identification[0m [1;30mLevel 1[0m _identify(src/rmitbot_firmware) by extensions ['ignore', 'ignore_ament_install']
[0.136s] [34mcolcon.colcon_core.package_identification[0m [1;30mLevel 1[0m _identify(src/rmitbot_firmware) by extension 'ignore'
[0.136s] [34mcolcon.colcon_core.package_identification[0m [1;30mLevel 1[0m _identify(src/rmitbot_firmware) by extension 'ignore_ament_install'
[0.136s] [34mcolcon.colcon_core.package_identification[0m [1;30mLevel 1[0m _identify(src/rmitbot_firmware) by extensions ['colcon_pkg']
[0.136s] [34mcolcon.colcon_core.package_identification[0m [1;30mLevel 1[0m _identify(src/rmitbot_firmware) by extension 'colcon_pkg'
[0.136s] [34mcolcon.colcon_core.package_identification[0m [1;30mLevel 1[0m _identify(src/rmitbot_firmware) by extensions ['colcon_meta']
[0.136s] [34mcolcon.colcon_core.package_identification[0m [1;30mLevel 1[0m _identify(src/rmitbot_firmware) by extension 'colcon_meta'
[0.136s] [34mcolcon.colcon_core.package_identification[0m [1;30mLevel 1[0m _identify(src/rmitbot_firmware) by extensions ['ros']
[0.136s] [34mcolcon.colcon_core.package_identification[0m [1;30mLevel 1[0m _identify(src/rmitbot_firmware) by extension 'ros'
[0.137s] [34mcolcon.colcon_core.package_identification[0m [1;30mDEBUG[0m [32mPackage 'src/rmitbot_firmware' with type 'ros.ament_cmake' and name 'rmitbot_firmware'[0m
[0.137s] [34mcolcon.colcon_core.package_identification[0m [1;30mLevel 1[0m _identify(src/rmitbot_localization) by extensions ['ignore', 'ignore_ament_install']
[0.137s] [34mcolcon.colcon_core.package_identification[0m [1;30mLevel 1[0m _identify(src/rmitbot_localization) by extension 'ignore'
[0.137s] [34mcolcon.colcon_core.package_identification[0m [1;30mLevel 1[0m _identify(src/rmitbot_localization) by extension 'ignore_ament_install'
[0.137s] [34mcolcon.colcon_core.package_identification[0m [1;30mLevel 1[0m _identify(src/rmitbot_localization) by extensions ['colcon_pkg']
[0.137s] [34mcolcon.colcon_core.package_identification[0m [1;30mLevel 1[0m _identify(src/rmitbot_localization) by extension 'colcon_pkg'
[0.137s] [34mcolcon.colcon_core.package_identification[0m [1;30mLevel 1[0m _identify(src/rmitbot_localization) by extensions ['colcon_meta']
[0.137s] [34mcolcon.colcon_core.package_identification[0m [1;30mLevel 1[0m _identify(src/rmitbot_localization) by extension 'colcon_meta'
[0.137s] [34mcolcon.colcon_core.package_identification[0m [1;30mLevel 1[0m _identify(src/rmitbot_localization) by extensions ['ros']
[0.137s] [34mcolcon.colcon_core.package_identification[0m [1;30mLevel 1[0m _identify(src/rmitbot_localization) by extension 'ros'
[0.138s] [34mcolcon.colcon_core.package_identification[0m [1;30mDEBUG[0m [32mPackage 'src/rmitbot_localization' with type 'ros.ament_cmake' and name 'rmitbot_localization'[0m
[0.138s] [34mcolcon.colcon_core.package_discovery[0m [1;30mLevel 1[0m discover_packages(recursive) using defaults
[0.138s] [34mcolcon.colcon_core.package_discovery[0m [1;30mLevel 1[0m discover_packages(ignore) discover
[0.138s] [34mcolcon.colcon_core.package_discovery[0m [1;30mLevel 1[0m discover_packages(ignore) using defaults
[0.138s] [34mcolcon.colcon_core.package_discovery[0m [1;30mLevel 1[0m discover_packages(path) discover
[0.138s] [34mcolcon.colcon_core.package_discovery[0m [1;30mLevel 1[0m discover_packages(path) using defaults
[0.150s] [34mcolcon.colcon_core.package_discovery[0m [1;30mLevel 1[0m discover_packages(prefix_path) check parameters
[0.150s] [34mcolcon.colcon_core.package_discovery[0m [1;30mLevel 1[0m discover_packages(prefix_path) discover
[0.152s] [34mcolcon.colcon_installed_package_information.package_discovery[0m [1;30mDEBUG[0m [32mFound 449 installed packages in /opt/ros/jazzy[0m
[0.153s] [34mcolcon.colcon_core.package_discovery[0m [1;30mLevel 1[0m discover_packages(prefix_path) using defaults
[0.194s] [34mcolcon.colcon_core.verb[0m [1;30mLevel 5[0m set package 'rmitbot_bringup' build argument 'cmake_args' from command line to 'None'
[0.194s] [34mcolcon.colcon_core.verb[0m [1;30mLevel 5[0m set package 'rmitbot_bringup' build argument 'cmake_target' from command line to 'None'
[0.194s] [34mcolcon.colcon_core.verb[0m [1;30mLevel 5[0m set package 'rmitbot_bringup' build argument 'cmake_target_skip_unavailable' from command line to 'False'
[0.194s] [34mcolcon.colcon_core.verb[0m [1;30mLevel 5[0m set package 'rmitbot_bringup' build argument 'cmake_clean_cache' from command line to 'False'
[0.194s] [34mcolcon.colcon_core.verb[0m [1;30mLevel 5[0m set package 'rmitbot_bringup' build argument 'cmake_clean_first' from command line to 'False'
[0.194s] [34mcolcon.colcon_core.verb[0m [1;30mLevel 5[0m set package 'rmitbot_bringup' build argument 'cmake_force_configure' from command line to 'False'
[0.194s] [34mcolcon.colcon_core.verb[0m [1;30mLevel 5[0m set package 'rmitbot_bringup' build argument 'ament_cmake_args' from command line to 'None'
[0.194s] [34mcolcon.colcon_core.verb[0m [1;30mLevel 5[0m set package 'rmitbot_bringup' build argument 'catkin_cmake_args' from command line to 'None'
[0.194s] [34mcolcon.colcon_core.verb[0m [1;30mLevel 5[0m set package 'rmitbot_bringup' build argument 'catkin_skip_building_tests' from command line to 'False'
[0.194s] [34mcolcon.colcon_core.verb[0m [1;30mDEBUG[0m [32mBuilding package 'rmitbot_bringup' with the following arguments: {'ament_cmake_args': None, 'build_base': '/home/v120506/rmitbot_v4/lesson8_ws/build/rmitbot_bringup', 'catkin_cmake_args': None, 'catkin_skip_building_tests': False, 'cmake_args': None, 'cmake_clean_cache': False, 'cmake_clean_first': False, 'cmake_force_configure': False, 'cmake_target': None, 'cmake_target_skip_unavailable': False, 'install_base': '/home/v120506/rmitbot_v4/lesson8_ws/install/rmitbot_bringup', 'merge_install': False, 'path': '/home/v120506/rmitbot_v4/lesson8_ws/src/rmitbot_bringup', 'symlink_install': False, 'test_result_base': None}[0m
[0.194s] [34mcolcon.colcon_core.verb[0m [1;30mLevel 5[0m set package 'rmitbot_controller' build argument 'cmake_args' from command line to 'None'
[0.194s] [34mcolcon.colcon_core.verb[0m [1;30mLevel 5[0m set package 'rmitbot_controller' build argument 'cmake_target' from command line to 'None'
[0.194s] [34mcolcon.colcon_core.verb[0m [1;30mLevel 5[0m set package 'rmitbot_controller' build argument 'cmake_target_skip_unavailable' from command line to 'False'
[0.194s] [34mcolcon.colcon_core.verb[0m [1;30mLevel 5[0m set package 'rmitbot_controller' build argument 'cmake_clean_cache' from command line to 'False'
[0.194s] [34mcolcon.colcon_core.verb[0m [1;30mLevel 5[0m set package 'rmitbot_controller' build argument 'cmake_clean_first' from command line to 'False'
[0.194s] [34mcolcon.colcon_core.verb[0m [1;30mLevel 5[0m set package 'rmitbot_controller' build argument 'cmake_force_configure' from command line to 'False'
[0.194s] [34mcolcon.colcon_core.verb[0m [1;30mLevel 5[0m set package 'rmitbot_controller' build argument 'ament_cmake_args' from command line to 'None'
[0.194s] [34mcolcon.colcon_core.verb[0m [1;30mLevel 5[0m set package 'rmitbot_controller' build argument 'catkin_cmake_args' from command line to 'None'
[0.194s] [34mcolcon.colcon_core.verb[0m [1;30mLevel 5[0m set package 'rmitbot_controller' build argument 'catkin_skip_building_tests' from command line to 'False'
[0.194s] [34mcolcon.colcon_core.verb[0m [1;30mDEBUG[0m [32mBuilding package 'rmitbot_controller' with the following arguments: {'ament_cmake_args': None, 'build_base': '/home/v120506/rmitbot_v4/lesson8_ws/build/rmitbot_controller', 'catkin_cmake_args': None, 'catkin_skip_building_tests': False, 'cmake_args': None, 'cmake_clean_cache': False, 'cmake_clean_first': False, 'cmake_force_configure': False, 'cmake_target': None, 'cmake_target_skip_unavailable': False, 'install_base': '/home/v120506/rmitbot_v4/lesson8_ws/install/rmitbot_controller', 'merge_install': False, 'path': '/home/v120506/rmitbot_v4/lesson8_ws/src/rmitbot_controller', 'symlink_install': False, 'test_result_base': None}[0m
[0.194s] [34mcolcon.colcon_core.verb[0m [1;30mLevel 5[0m set package 'rmitbot_description' build argument 'cmake_args' from command line to 'None'
[0.194s] [34mcolcon.colcon_core.verb[0m [1;30mLevel 5[0m set package 'rmitbot_description' build argument 'cmake_target' from command line to 'None'
[0.194s] [34mcolcon.colcon_core.verb[0m [1;30mLevel 5[0m set package 'rmitbot_description' build argument 'cmake_target_skip_unavailable' from command line to 'False'
[0.194s] [34mcolcon.colcon_core.verb[0m [1;30mLevel 5[0m set package 'rmitbot_description' build argument 'cmake_clean_cache' from command line to 'False'
[0.194s] [34mcolcon.colcon_core.verb[0m [1;30mLevel 5[0m set package 'rmitbot_description' build argument 'cmake_clean_first' from command line to 'False'
[0.195s] [34mcolcon.colcon_core.verb[0m [1;30mLevel 5[0m set package 'rmitbot_description' build argument 'cmake_force_configure' from command line to 'False'
[0.195s] [34mcolcon.colcon_core.verb[0m [1;30mLevel 5[0m set package 'rmitbot_description' build argument 'ament_cmake_args' from command line to 'None'
[0.195s] [34mcolcon.colcon_core.verb[0m [1;30mLevel 5[0m set package 'rmitbot_description' build argument 'catkin_cmake_args' from command line to 'None'
[0.195s] [34mcolcon.colcon_core.verb[0m [1;30mLevel 5[0m set package 'rmitbot_description' build argument 'catkin_skip_building_tests' from command line to 'False'
[0.195s] [34mcolcon.colcon_core.verb[0m [1;30mDEBUG[0m [32mBuilding package 'rmitbot_description' with the following arguments: {'ament_cmake_args': None, 'build_base': '/home/v120506/rmitbot_v4/lesson8_ws/build/rmitbot_description', 'catkin_cmake_args': None, 'catkin_skip_building_tests': False, 'cmake_args': None, 'cmake_clean_cache': False, 'cmake_clean_first': False, 'cmake_force_configure': False, 'cmake_target': None, 'cmake_target_skip_unavailable': False, 'install_base': '/home/v120506/rmitbot_v4/lesson8_ws/install/rmitbot_description', 'merge_install': False, 'path': '/home/v120506/rmitbot_v4/lesson8_ws/src/rmitbot_description', 'symlink_install': False, 'test_result_base': None}[0m
[0.195s] [34mcolcon.colcon_core.verb[0m [1;30mLevel 5[0m set package 'rmitbot_firmware' build argument 'cmake_args' from command line to 'None'
[0.195s] [34mcolcon.colcon_core.verb[0m [1;30mLevel 5[0m set package 'rmitbot_firmware' build argument 'cmake_target' from command line to 'None'
[0.195s] [34mcolcon.colcon_core.verb[0m [1;30mLevel 5[0m set package 'rmitbot_firmware' build argument 'cmake_target_skip_unavailable' from command line to 'False'
[0.195s] [34mcolcon.colcon_core.verb[0m [1;30mLevel 5[0m set package 'rmitbot_firmware' build argument 'cmake_clean_cache' from command line to 'False'
[0.195s] [34mcolcon.colcon_core.verb[0m [1;30mLevel 5[0m set package 'rmitbot_firmware' build argument 'cmake_clean_first' from command line to 'False'
[0.195s] [34mcolcon.colcon_core.verb[0m [1;30mLevel 5[0m set package 'rmitbot_firmware' build argument 'cmake_force_configure' from command line to 'False'
[0.195s] [34mcolcon.colcon_core.verb[0m [1;30mLevel 5[0m set package 'rmitbot_firmware' build argument 'ament_cmake_args' from command line to 'None'
[0.195s] [34mcolcon.colcon_core.verb[0m [1;30mLevel 5[0m set package 'rmitbot_firmware' build argument 'catkin_cmake_args' from command line to 'None'
[0.195s] [34mcolcon.colcon_core.verb[0m [1;30mLevel 5[0m set package 'rmitbot_firmware' build argument 'catkin_skip_building_tests' from command line to 'False'
[0.195s] [34mcolcon.colcon_core.verb[0m [1;30mDEBUG[0m [32mBuilding package 'rmitbot_firmware' with the following arguments: {'ament_cmake_args': None, 'build_base': '/home/v120506/rmitbot_v4/lesson8_ws/build/rmitbot_firmware', 'catkin_cmake_args': None, 'catkin_skip_building_tests': False, 'cmake_args': None, 'cmake_clean_cache': False, 'cmake_clean_first': False, 'cmake_force_configure': False, 'cmake_target': None, 'cmake_target_skip_unavailable': False, 'install_base': '/home/v120506/rmitbot_v4/lesson8_ws/install/rmitbot_firmware', 'merge_install': False, 'path': '/home/v120506/rmitbot_v4/lesson8_ws/src/rmitbot_firmware', 'symlink_install': False, 'test_result_base': None}[0m
[0.195s] [34mcolcon.colcon_core.verb[0m [1;30mLevel 5[0m set package 'rmitbot_localization' build argument 'cmake_args' from command line to 'None'
[0.195s] [34mcolcon.colcon_core.verb[0m [1;30mLevel 5[0m set package 'rmitbot_localization' build argument 'cmake_target' from command line to 'None'
[0.195s] [34mcolcon.colcon_core.verb[0m [1;30mLevel 5[0m set package 'rmitbot_localization' build argument 'cmake_target_skip_unavailable' from command line to 'False'
[0.195s] [34mcolcon.colcon_core.verb[0m [1;30mLevel 5[0m set package 'rmitbot_localization' build argument 'cmake_clean_cache' from command line to 'False'
[0.195s] [34mcolcon.colcon_core.verb[0m [1;30mLevel 5[0m set package 'rmitbot_localization' build argument 'cmake_clean_first' from command line to 'False'
[0.195s] [34mcolcon.colcon_core.verb[0m [1;30mLevel 5[0m set package 'rmitbot_localization' build argument 'cmake_force_configure' from command line to 'False'
[0.195s] [34mcolcon.colcon_core.verb[0m [1;30mLevel 5[0m set package 'rmitbot_localization' build argument 'ament_cmake_args' from command line to 'None'
[0.195s] [34mcolcon.colcon_core.verb[0m [1;30mLevel 5[0m set package 'rmitbot_localization' build argument 'catkin_cmake_args' from command line to 'None'
[0.195s] [34mcolcon.colcon_core.verb[0m [1;30mLevel 5[0m set package 'rmitbot_localization' build argument 'catkin_skip_building_tests' from command line to 'False'
[0.195s] [34mcolcon.colcon_core.verb[0m [1;30mDEBUG[0m [32mBuilding package 'rmitbot_localization' with the following arguments: {'ament_cmake_args': None, 'build_base': '/home/v120506/rmitbot_v4/lesson8_ws/build/rmitbot_localization', 'catkin_cmake_args': None, 'catkin_skip_building_tests': False, 'cmake_args': None, 'cmake_clean_cache': False, 'cmake_clean_first': False, 'cmake_force_configure': False, 'cmake_target': None, 'cmake_target_skip_unavailable': False, 'install_base': '/home/v120506/rmitbot_v4/lesson8_ws/install/rmitbot_localization', 'merge_install': False, 'path': '/home/v120506/rmitbot_v4/lesson8_ws/src/rmitbot_localization', 'symlink_install': False, 'test_result_base': None}[0m
[0.195s] [34mcolcon.colcon_core.executor[0m [1;30mINFO[0m Executing jobs using 'parallel' executor
[0.196s] [34mcolcon.colcon_parallel_executor.executor.parallel[0m [1;30mDEBUG[0m [32mrun_until_complete[0m
[0.196s] [34mcolcon.colcon_ros.task.ament_cmake.build[0m [1;30mINFO[0m Building ROS package in '/home/v120506/rmitbot_v4/lesson8_ws/src/rmitbot_bringup' with build type 'ament_cmake'
[0.197s] [34mcolcon.colcon_cmake.task.cmake.build[0m [1;30mINFO[0m Building CMake package in '/home/v120506/rmitbot_v4/lesson8_ws/src/rmitbot_bringup'
[0.198s] [34mcolcon.colcon_core.plugin_system[0m [1;30mINFO[0m Skipping extension 'colcon_core.shell.bat': Not used on non-Windows systems
[0.198s] [34mcolcon.colcon_core.shell[0m [1;30mINFO[0m Skip shell extension 'powershell' for command environment: Not usable outside of PowerShell
[0.198s] [34mcolcon.colcon_core.shell[0m [1;30mDEBUG[0m [32mSkip shell extension 'dsv' for command environment[0m
[0.202s] [34mcolcon.colcon_ros.task.ament_cmake.build[0m [1;30mINFO[0m Building ROS package in '/home/v120506/rmitbot_v4/lesson8_ws/src/rmitbot_controller' with build type 'ament_cmake'
[0.202s] [34mcolcon.colcon_cmake.task.cmake.build[0m [1;30mINFO[0m Building CMake package in '/home/v120506/rmitbot_v4/lesson8_ws/src/rmitbot_controller'
[0.202s] [34mcolcon.colcon_core.shell[0m [1;30mINFO[0m Skip shell extension 'powershell' for command environment: Not usable outside of PowerShell
[0.202s] [34mcolcon.colcon_core.shell[0m [1;30mDEBUG[0m [32mSkip shell extension 'dsv' for command environment[0m
[0.205s] [34mcolcon.colcon_ros.task.ament_cmake.build[0m [1;30mINFO[0m Building ROS package in '/home/v120506/rmitbot_v4/lesson8_ws/src/rmitbot_description' with build type 'ament_cmake'
[0.205s] [34mcolcon.colcon_cmake.task.cmake.build[0m [1;30mINFO[0m Building CMake package in '/home/v120506/rmitbot_v4/lesson8_ws/src/rmitbot_description'
[0.205s] [34mcolcon.colcon_core.shell[0m [1;30mINFO[0m Skip shell extension 'powershell' for command environment: Not usable outside of PowerShell
[0.205s] [34mcolcon.colcon_core.shell[0m [1;30mDEBUG[0m [32mSkip shell extension 'dsv' for command environment[0m
[0.208s] [34mcolcon.colcon_ros.task.ament_cmake.build[0m [1;30mINFO[0m Building ROS package in '/home/v120506/rmitbot_v4/lesson8_ws/src/rmitbot_firmware' with build type 'ament_cmake'
[0.208s] [34mcolcon.colcon_cmake.task.cmake.build[0m [1;30mINFO[0m Building CMake package in '/home/v120506/rmitbot_v4/lesson8_ws/src/rmitbot_firmware'
[0.208s] [34mcolcon.colcon_core.shell[0m [1;30mINFO[0m Skip shell extension 'powershell' for command environment: Not usable outside of PowerShell
[0.208s] [34mcolcon.colcon_core.shell[0m [1;30mDEBUG[0m [32mSkip shell extension 'dsv' for command environment[0m
[0.210s] [34mcolcon.colcon_ros.task.ament_cmake.build[0m [1;30mINFO[0m Building ROS package in '/home/v120506/rmitbot_v4/lesson8_ws/src/rmitbot_localization' with build type 'ament_cmake'
[0.211s] [34mcolcon.colcon_cmake.task.cmake.build[0m [1;30mINFO[0m Building CMake package in '/home/v120506/rmitbot_v4/lesson8_ws/src/rmitbot_localization'
[0.211s] [34mcolcon.colcon_core.shell[0m [1;30mINFO[0m Skip shell extension 'powershell' for command environment: Not usable outside of PowerShell
[0.211s] [34mcolcon.colcon_core.shell[0m [1;30mDEBUG[0m [32mSkip shell extension 'dsv' for command environment[0m
[0.217s] [34mcolcon.colcon_core.event_handler.log_command[0m [1;30mDEBUG[0m [32mInvoking command in '/home/v120506/rmitbot_v4/lesson8_ws/build/rmitbot_bringup': CMAKE_PREFIX_PATH=${CMAKE_PREFIX_PATH}:/opt/ros/jazzy DEBUGINFOD_URLS=https://debuginfod.ubuntu.com /usr/bin/cmake --build /home/v120506/rmitbot_v4/lesson8_ws/build/rmitbot_bringup -- -j8 -l8[0m
[0.220s] [34mcolcon.colcon_core.event_handler.log_command[0m [1;30mDEBUG[0m [32mInvoking command in '/home/v120506/rmitbot_v4/lesson8_ws/build/rmitbot_controller': CMAKE_PREFIX_PATH=${CMAKE_PREFIX_PATH}:/opt/ros/jazzy DEBUGINFOD_URLS=https://debuginfod.ubuntu.com /usr/bin/cmake --build /home/v120506/rmitbot_v4/lesson8_ws/build/rmitbot_controller -- -j8 -l8[0m
[0.222s] [34mcolcon.colcon_core.event_handler.log_command[0m [1;30mDEBUG[0m [32mInvoking command in '/home/v120506/rmitbot_v4/lesson8_ws/build/rmitbot_description': CMAKE_PREFIX_PATH=${CMAKE_PREFIX_PATH}:/opt/ros/jazzy DEBUGINFOD_URLS=https://debuginfod.ubuntu.com /usr/bin/cmake --build /home/v120506/rmitbot_v4/lesson8_ws/build/rmitbot_description -- -j8 -l8[0m
[0.225s] [34mcolcon.colcon_core.event_handler.log_command[0m [1;30mDEBUG[0m [32mInvoking command in '/home/v120506/rmitbot_v4/lesson8_ws/build/rmitbot_firmware': CMAKE_PREFIX_PATH=${CMAKE_PREFIX_PATH}:/opt/ros/jazzy DEBUGINFOD_URLS=https://debuginfod.ubuntu.com /usr/bin/cmake --build /home/v120506/rmitbot_v4/lesson8_ws/build/rmitbot_firmware -- -j8 -l8[0m
[0.245s] [34mcolcon.colcon_core.event_handler.log_command[0m [1;30mDEBUG[0m [32mInvoking command in '/home/v120506/rmitbot_v4/lesson8_ws/build/rmitbot_localization': CMAKE_PREFIX_PATH=${CMAKE_PREFIX_PATH}:/opt/ros/jazzy DEBUGINFOD_URLS=https://debuginfod.ubuntu.com /usr/bin/cmake --build /home/v120506/rmitbot_v4/lesson8_ws/build/rmitbot_localization -- -j8 -l8[0m
[0.262s] [34mcolcon.colcon_core.event_handler.log_command[0m [1;30mDEBUG[0m [32mInvoked command in '/home/v120506/rmitbot_v4/lesson8_ws/build/rmitbot_bringup' returned '0': CMAKE_PREFIX_PATH=${CMAKE_PREFIX_PATH}:/opt/ros/jazzy DEBUGINFOD_URLS=https://debuginfod.ubuntu.com /usr/bin/cmake --build /home/v120506/rmitbot_v4/lesson8_ws/build/rmitbot_bringup -- -j8 -l8[0m
[0.273s] [34mcolcon.colcon_core.event_handler.log_command[0m [1;30mDEBUG[0m [32mInvoking command in '/home/v120506/rmitbot_v4/lesson8_ws/build/rmitbot_bringup': CMAKE_PREFIX_PATH=${CMAKE_PREFIX_PATH}:/opt/ros/jazzy DEBUGINFOD_URLS=https://debuginfod.ubuntu.com /usr/bin/cmake --install /home/v120506/rmitbot_v4/lesson8_ws/build/rmitbot_bringup[0m
[0.274s] [34mcolcon.colcon_core.event_handler.log_command[0m [1;30mDEBUG[0m [32mInvoked command in '/home/v120506/rmitbot_v4/lesson8_ws/build/rmitbot_description' returned '0': CMAKE_PREFIX_PATH=${CMAKE_PREFIX_PATH}:/opt/ros/jazzy DEBUGINFOD_URLS=https://debuginfod.ubuntu.com /usr/bin/cmake --build /home/v120506/rmitbot_v4/lesson8_ws/build/rmitbot_description -- -j8 -l8[0m
[0.275s] [34mcolcon.colcon_core.event_handler.log_command[0m [1;30mDEBUG[0m [32mInvoking command in '/home/v120506/rmitbot_v4/lesson8_ws/build/rmitbot_description': CMAKE_PREFIX_PATH=${CMAKE_PREFIX_PATH}:/opt/ros/jazzy DEBUGINFOD_URLS=https://debuginfod.ubuntu.com /usr/bin/cmake --install /home/v120506/rmitbot_v4/lesson8_ws/build/rmitbot_description[0m
[0.276s] [34mcolcon.colcon_core.event_handler.log_command[0m [1;30mDEBUG[0m [32mInvoked command in '/home/v120506/rmitbot_v4/lesson8_ws/build/rmitbot_controller' returned '0': CMAKE_PREFIX_PATH=${CMAKE_PREFIX_PATH}:/opt/ros/jazzy DEBUGINFOD_URLS=https://debuginfod.ubuntu.com /usr/bin/cmake --build /home/v120506/rmitbot_v4/lesson8_ws/build/rmitbot_controller -- -j8 -l8[0m
[0.278s] [34mcolcon.colcon_core.event_handler.log_command[0m [1;30mDEBUG[0m [32mInvoking command in '/home/v120506/rmitbot_v4/lesson8_ws/build/rmitbot_controller': CMAKE_PREFIX_PATH=${CMAKE_PREFIX_PATH}:/opt/ros/jazzy DEBUGINFOD_URLS=https://debuginfod.ubuntu.com /usr/bin/cmake --install /home/v120506/rmitbot_v4/lesson8_ws/build/rmitbot_controller[0m
[0.284s] [34mcolcon.colcon_core.environment[0m [1;30mLevel 1[0m create_environment_scripts_only(rmitbot_bringup)
[0.285s] [34mcolcon.colcon_core.event_handler.log_command[0m [1;30mDEBUG[0m [32mInvoked command in '/home/v120506/rmitbot_v4/lesson8_ws/build/rmitbot_bringup' returned '0': CMAKE_PREFIX_PATH=${CMAKE_PREFIX_PATH}:/opt/ros/jazzy DEBUGINFOD_URLS=https://debuginfod.ubuntu.com /usr/bin/cmake --install /home/v120506/rmitbot_v4/lesson8_ws/build/rmitbot_bringup[0m
[0.292s] [34mcolcon.colcon_core.environment[0m [1;30mLevel 1[0m checking '/home/v120506/rmitbot_v4/lesson8_ws/install/rmitbot_bringup' for CMake module files
[0.293s] [34mcolcon.colcon_core.environment[0m [1;30mLevel 1[0m checking '/home/v120506/rmitbot_v4/lesson8_ws/install/rmitbot_bringup' for CMake config files
[0.293s] [34mcolcon.colcon_core.shell[0m [1;30mLevel 1[0m create_environment_hook('rmitbot_bringup', 'cmake_prefix_path')
[0.293s] [34mcolcon.colcon_core.shell[0m [1;30mINFO[0m Creating environment hook '/home/v120506/rmitbot_v4/lesson8_ws/install/rmitbot_bringup/share/rmitbot_bringup/hook/cmake_prefix_path.ps1'
[0.294s] [34mcolcon.colcon_core.shell[0m [1;30mINFO[0m Creating environment descriptor '/home/v120506/rmitbot_v4/lesson8_ws/install/rmitbot_bringup/share/rmitbot_bringup/hook/cmake_prefix_path.dsv'
[0.294s] [34mcolcon.colcon_core.shell[0m [1;30mINFO[0m Creating environment hook '/home/v120506/rmitbot_v4/lesson8_ws/install/rmitbot_bringup/share/rmitbot_bringup/hook/cmake_prefix_path.sh'
[0.295s] [34mcolcon.colcon_core.environment[0m [1;30mLevel 1[0m checking '/home/v120506/rmitbot_v4/lesson8_ws/install/rmitbot_bringup/bin'
[0.295s] [34mcolcon.colcon_core.environment[0m [1;30mLevel 1[0m checking '/home/v120506/rmitbot_v4/lesson8_ws/install/rmitbot_bringup/lib/pkgconfig/rmitbot_bringup.pc'
[0.295s] [34mcolcon.colcon_core.environment[0m [1;30mLevel 1[0m checking '/home/v120506/rmitbot_v4/lesson8_ws/install/rmitbot_bringup/lib/python3.12/site-packages'
[0.296s] [34mcolcon.colcon_core.environment[0m [1;30mLevel 1[0m checking '/home/v120506/rmitbot_v4/lesson8_ws/install/rmitbot_bringup/bin'
[0.296s] [34mcolcon.colcon_core.shell[0m [1;30mINFO[0m Creating package script '/home/v120506/rmitbot_v4/lesson8_ws/install/rmitbot_bringup/share/rmitbot_bringup/package.ps1'
[0.297s] [34mcolcon.colcon_core.shell[0m [1;30mINFO[0m Creating package descriptor '/home/v120506/rmitbot_v4/lesson8_ws/install/rmitbot_bringup/share/rmitbot_bringup/package.dsv'
[0.297s] [34mcolcon.colcon_core.shell[0m [1;30mINFO[0m Creating package script '/home/v120506/rmitbot_v4/lesson8_ws/install/rmitbot_bringup/share/rmitbot_bringup/package.sh'
[0.298s] [34mcolcon.colcon_core.shell[0m [1;30mINFO[0m Creating package script '/home/v120506/rmitbot_v4/lesson8_ws/install/rmitbot_bringup/share/rmitbot_bringup/package.bash'
[0.298s] [34mcolcon.colcon_core.shell[0m [1;30mINFO[0m Creating package script '/home/v120506/rmitbot_v4/lesson8_ws/install/rmitbot_bringup/share/rmitbot_bringup/package.zsh'
[0.299s] [34mcolcon.colcon_core.environment[0m [1;30mLevel 1[0m create_file_with_runtime_dependencies(/home/v120506/rmitbot_v4/lesson8_ws/install/rmitbot_bringup/share/colcon-core/packages/rmitbot_bringup)
[0.299s] [34mcolcon.colcon_core.environment[0m [1;30mLevel 1[0m create_environment_scripts_only(rmitbot_bringup)
[0.300s] [34mcolcon.colcon_core.environment[0m [1;30mLevel 1[0m checking '/home/v120506/rmitbot_v4/lesson8_ws/install/rmitbot_bringup' for CMake module files
[0.300s] [34mcolcon.colcon_core.environment[0m [1;30mLevel 1[0m checking '/home/v120506/rmitbot_v4/lesson8_ws/install/rmitbot_bringup' for CMake config files
[0.301s] [34mcolcon.colcon_core.shell[0m [1;30mLevel 1[0m create_environment_hook('rmitbot_bringup', 'cmake_prefix_path')
[0.301s] [34mcolcon.colcon_core.shell[0m [1;30mINFO[0m Creating environment hook '/home/v120506/rmitbot_v4/lesson8_ws/install/rmitbot_bringup/share/rmitbot_bringup/hook/cmake_prefix_path.ps1'
[0.302s] [34mcolcon.colcon_core.shell[0m [1;30mINFO[0m Creating environment descriptor '/home/v120506/rmitbot_v4/lesson8_ws/install/rmitbot_bringup/share/rmitbot_bringup/hook/cmake_prefix_path.dsv'
[0.302s] [34mcolcon.colcon_core.shell[0m [1;30mINFO[0m Creating environment hook '/home/v120506/rmitbot_v4/lesson8_ws/install/rmitbot_bringup/share/rmitbot_bringup/hook/cmake_prefix_path.sh'
[0.302s] [34mcolcon.colcon_core.environment[0m [1;30mLevel 1[0m checking '/home/v120506/rmitbot_v4/lesson8_ws/install/rmitbot_bringup/bin'
[0.302s] [34mcolcon.colcon_core.environment[0m [1;30mLevel 1[0m checking '/home/v120506/rmitbot_v4/lesson8_ws/install/rmitbot_bringup/lib/pkgconfig/rmitbot_bringup.pc'
[0.303s] [34mcolcon.colcon_core.environment[0m [1;30mLevel 1[0m checking '/home/v120506/rmitbot_v4/lesson8_ws/install/rmitbot_bringup/lib/python3.12/site-packages'
[0.303s] [34mcolcon.colcon_core.environment[0m [1;30mLevel 1[0m checking '/home/v120506/rmitbot_v4/lesson8_ws/install/rmitbot_bringup/bin'
[0.303s] [34mcolcon.colcon_core.shell[0m [1;30mINFO[0m Creating package script '/home/v120506/rmitbot_v4/lesson8_ws/install/rmitbot_bringup/share/rmitbot_bringup/package.ps1'
[0.304s] [34mcolcon.colcon_core.shell[0m [1;30mINFO[0m Creating package descriptor '/home/v120506/rmitbot_v4/lesson8_ws/install/rmitbot_bringup/share/rmitbot_bringup/package.dsv'
[0.304s] [34mcolcon.colcon_core.shell[0m [1;30mINFO[0m Creating package script '/home/v120506/rmitbot_v4/lesson8_ws/install/rmitbot_bringup/share/rmitbot_bringup/package.sh'
[0.305s] [34mcolcon.colcon_core.shell[0m [1;30mINFO[0m Creating package script '/home/v120506/rmitbot_v4/lesson8_ws/install/rmitbot_bringup/share/rmitbot_bringup/package.bash'
[0.305s] [34mcolcon.colcon_core.shell[0m [1;30mINFO[0m Creating package script '/home/v120506/rmitbot_v4/lesson8_ws/install/rmitbot_bringup/share/rmitbot_bringup/package.zsh'
[0.305s] [34mcolcon.colcon_core.environment[0m [1;30mLevel 1[0m create_file_with_runtime_dependencies(/home/v120506/rmitbot_v4/lesson8_ws/install/rmitbot_bringup/share/colcon-core/packages/rmitbot_bringup)
[0.306s] [34mcolcon.colcon_core.environment[0m [1;30mLevel 1[0m create_environment_scripts_only(rmitbot_description)
[0.306s] [34mcolcon.colcon_core.environment[0m [1;30mLevel 1[0m checking '/home/v120506/rmitbot_v4/lesson8_ws/install/rmitbot_description' for CMake module files
[0.307s] [34mcolcon.colcon_core.event_handler.log_command[0m [1;30mDEBUG[0m [32mInvoked command in '/home/v120506/rmitbot_v4/lesson8_ws/build/rmitbot_description' returned '0': CMAKE_PREFIX_PATH=${CMAKE_PREFIX_PATH}:/opt/ros/jazzy DEBUGINFOD_URLS=https://debuginfod.ubuntu.com /usr/bin/cmake --install /home/v120506/rmitbot_v4/lesson8_ws/build/rmitbot_description[0m
[0.307s] [34mcolcon.colcon_core.environment[0m [1;30mLevel 1[0m checking '/home/v120506/rmitbot_v4/lesson8_ws/install/rmitbot_description' for CMake config files
[0.308s] [34mcolcon.colcon_core.shell[0m [1;30mLevel 1[0m create_environment_hook('rmitbot_description', 'cmake_prefix_path')
[0.308s] [34mcolcon.colcon_core.shell[0m [1;30mINFO[0m Creating environment hook '/home/v120506/rmitbot_v4/lesson8_ws/install/rmitbot_description/share/rmitbot_description/hook/cmake_prefix_path.ps1'
[0.308s] [34mcolcon.colcon_core.shell[0m [1;30mINFO[0m Creating environment descriptor '/home/v120506/rmitbot_v4/lesson8_ws/install/rmitbot_description/share/rmitbot_description/hook/cmake_prefix_path.dsv'
[0.308s] [34mcolcon.colcon_core.shell[0m [1;30mINFO[0m Creating environment hook '/home/v120506/rmitbot_v4/lesson8_ws/install/rmitbot_description/share/rmitbot_description/hook/cmake_prefix_path.sh'
[0.309s] [34mcolcon.colcon_core.environment[0m [1;30mLevel 1[0m checking '/home/v120506/rmitbot_v4/lesson8_ws/install/rmitbot_description/bin'
[0.309s] [34mcolcon.colcon_core.environment[0m [1;30mLevel 1[0m checking '/home/v120506/rmitbot_v4/lesson8_ws/install/rmitbot_description/lib/pkgconfig/rmitbot_description.pc'
[0.309s] [34mcolcon.colcon_core.environment[0m [1;30mLevel 1[0m checking '/home/v120506/rmitbot_v4/lesson8_ws/install/rmitbot_description/lib/python3.12/site-packages'
[0.309s] [34mcolcon.colcon_core.environment[0m [1;30mLevel 1[0m checking '/home/v120506/rmitbot_v4/lesson8_ws/install/rmitbot_description/bin'
[0.310s] [34mcolcon.colcon_core.shell[0m [1;30mINFO[0m Creating package script '/home/v120506/rmitbot_v4/lesson8_ws/install/rmitbot_description/share/rmitbot_description/package.ps1'
[0.310s] [34mcolcon.colcon_core.shell[0m [1;30mINFO[0m Creating package descriptor '/home/v120506/rmitbot_v4/lesson8_ws/install/rmitbot_description/share/rmitbot_description/package.dsv'
[0.311s] [34mcolcon.colcon_core.shell[0m [1;30mINFO[0m Creating package script '/home/v120506/rmitbot_v4/lesson8_ws/install/rmitbot_description/share/rmitbot_description/package.sh'
[0.311s] [34mcolcon.colcon_core.shell[0m [1;30mINFO[0m Creating package script '/home/v120506/rmitbot_v4/lesson8_ws/install/rmitbot_description/share/rmitbot_description/package.bash'
[0.311s] [34mcolcon.colcon_core.shell[0m [1;30mINFO[0m Creating package script '/home/v120506/rmitbot_v4/lesson8_ws/install/rmitbot_description/share/rmitbot_description/package.zsh'
[0.311s] [34mcolcon.colcon_core.environment[0m [1;30mLevel 1[0m create_file_with_runtime_dependencies(/home/v120506/rmitbot_v4/lesson8_ws/install/rmitbot_description/share/colcon-core/packages/rmitbot_description)
[0.312s] [34mcolcon.colcon_core.environment[0m [1;30mLevel 1[0m create_environment_scripts_only(rmitbot_description)
[0.312s] [34mcolcon.colcon_core.environment[0m [1;30mLevel 1[0m checking '/home/v120506/rmitbot_v4/lesson8_ws/install/rmitbot_description' for CMake module files
[0.312s] [34mcolcon.colcon_core.environment[0m [1;30mLevel 1[0m checking '/home/v120506/rmitbot_v4/lesson8_ws/install/rmitbot_description' for CMake config files
[0.313s] [34mcolcon.colcon_core.shell[0m [1;30mLevel 1[0m create_environment_hook('rmitbot_description', 'cmake_prefix_path')
[0.313s] [34mcolcon.colcon_core.shell[0m [1;30mINFO[0m Creating environment hook '/home/v120506/rmitbot_v4/lesson8_ws/install/rmitbot_description/share/rmitbot_description/hook/cmake_prefix_path.ps1'
[0.313s] [34mcolcon.colcon_core.shell[0m [1;30mINFO[0m Creating environment descriptor '/home/v120506/rmitbot_v4/lesson8_ws/install/rmitbot_description/share/rmitbot_description/hook/cmake_prefix_path.dsv'
[0.313s] [34mcolcon.colcon_core.shell[0m [1;30mINFO[0m Creating environment hook '/home/v120506/rmitbot_v4/lesson8_ws/install/rmitbot_description/share/rmitbot_description/hook/cmake_prefix_path.sh'
[0.314s] [34mcolcon.colcon_core.environment[0m [1;30mLevel 1[0m checking '/home/v120506/rmitbot_v4/lesson8_ws/install/rmitbot_description/bin'
[0.314s] [34mcolcon.colcon_core.environment[0m [1;30mLevel 1[0m checking '/home/v120506/rmitbot_v4/lesson8_ws/install/rmitbot_description/lib/pkgconfig/rmitbot_description.pc'
[0.314s] [34mcolcon.colcon_core.environment[0m [1;30mLevel 1[0m checking '/home/v120506/rmitbot_v4/lesson8_ws/install/rmitbot_description/lib/python3.12/site-packages'
[0.315s] [34mcolcon.colcon_core.environment[0m [1;30mLevel 1[0m checking '/home/v120506/rmitbot_v4/lesson8_ws/install/rmitbot_description/bin'
[0.315s] [34mcolcon.colcon_core.shell[0m [1;30mINFO[0m Creating package script '/home/v120506/rmitbot_v4/lesson8_ws/install/rmitbot_description/share/rmitbot_description/package.ps1'
[0.315s] [34mcolcon.colcon_core.shell[0m [1;30mINFO[0m Creating package descriptor '/home/v120506/rmitbot_v4/lesson8_ws/install/rmitbot_description/share/rmitbot_description/package.dsv'
[0.316s] [34mcolcon.colcon_core.shell[0m [1;30mINFO[0m Creating package script '/home/v120506/rmitbot_v4/lesson8_ws/install/rmitbot_description/share/rmitbot_description/package.sh'
[0.316s] [34mcolcon.colcon_core.shell[0m [1;30mINFO[0m Creating package script '/home/v120506/rmitbot_v4/lesson8_ws/install/rmitbot_description/share/rmitbot_description/package.bash'
[0.316s] [34mcolcon.colcon_core.shell[0m [1;30mINFO[0m Creating package script '/home/v120506/rmitbot_v4/lesson8_ws/install/rmitbot_description/share/rmitbot_description/package.zsh'
[0.317s] [34mcolcon.colcon_core.environment[0m [1;30mLevel 1[0m create_file_with_runtime_dependencies(/home/v120506/rmitbot_v4/lesson8_ws/install/rmitbot_description/share/colcon-core/packages/rmitbot_description)
[0.317s] [34mcolcon.colcon_core.environment[0m [1;30mLevel 1[0m create_environment_scripts_only(rmitbot_controller)
[0.317s] [34mcolcon.colcon_core.environment[0m [1;30mLevel 1[0m checking '/home/v120506/rmitbot_v4/lesson8_ws/install/rmitbot_controller' for CMake module files
[0.318s] [34mcolcon.colcon_core.event_handler.log_command[0m [1;30mDEBUG[0m [32mInvoked command in '/home/v120506/rmitbot_v4/lesson8_ws/build/rmitbot_controller' returned '0': CMAKE_PREFIX_PATH=${CMAKE_PREFIX_PATH}:/opt/ros/jazzy DEBUGINFOD_URLS=https://debuginfod.ubuntu.com /usr/bin/cmake --install /home/v120506/rmitbot_v4/lesson8_ws/build/rmitbot_controller[0m
[0.319s] [34mcolcon.colcon_core.environment[0m [1;30mLevel 1[0m checking '/home/v120506/rmitbot_v4/lesson8_ws/install/rmitbot_controller' for CMake config files
[0.319s] [34mcolcon.colcon_core.shell[0m [1;30mLevel 1[0m create_environment_hook('rmitbot_controller', 'cmake_prefix_path')
[0.319s] [34mcolcon.colcon_core.shell[0m [1;30mINFO[0m Creating environment hook '/home/v120506/rmitbot_v4/lesson8_ws/install/rmitbot_controller/share/rmitbot_controller/hook/cmake_prefix_path.ps1'
[0.319s] [34mcolcon.colcon_core.shell[0m [1;30mINFO[0m Creating environment descriptor '/home/v120506/rmitbot_v4/lesson8_ws/install/rmitbot_controller/share/rmitbot_controller/hook/cmake_prefix_path.dsv'
[0.320s] [34mcolcon.colcon_core.shell[0m [1;30mINFO[0m Creating environment hook '/home/v120506/rmitbot_v4/lesson8_ws/install/rmitbot_controller/share/rmitbot_controller/hook/cmake_prefix_path.sh'
[0.320s] [34mcolcon.colcon_core.environment[0m [1;30mLevel 1[0m checking '/home/v120506/rmitbot_v4/lesson8_ws/install/rmitbot_controller/bin'
[0.320s] [34mcolcon.colcon_core.environment[0m [1;30mLevel 1[0m checking '/home/v120506/rmitbot_v4/lesson8_ws/install/rmitbot_controller/lib/pkgconfig/rmitbot_controller.pc'
[0.321s] [34mcolcon.colcon_core.environment[0m [1;30mLevel 1[0m checking '/home/v120506/rmitbot_v4/lesson8_ws/install/rmitbot_controller/lib/python3.12/site-packages'
[0.321s] [34mcolcon.colcon_core.environment[0m [1;30mLevel 1[0m checking '/home/v120506/rmitbot_v4/lesson8_ws/install/rmitbot_controller/bin'
[0.321s] [34mcolcon.colcon_core.shell[0m [1;30mINFO[0m Creating package script '/home/v120506/rmitbot_v4/lesson8_ws/install/rmitbot_controller/share/rmitbot_controller/package.ps1'
[0.322s] [34mcolcon.colcon_core.shell[0m [1;30mINFO[0m Creating package descriptor '/home/v120506/rmitbot_v4/lesson8_ws/install/rmitbot_controller/share/rmitbot_controller/package.dsv'
[0.322s] [34mcolcon.colcon_core.shell[0m [1;30mINFO[0m Creating package script '/home/v120506/rmitbot_v4/lesson8_ws/install/rmitbot_controller/share/rmitbot_controller/package.sh'
[0.323s] [34mcolcon.colcon_core.shell[0m [1;30mINFO[0m Creating package script '/home/v120506/rmitbot_v4/lesson8_ws/install/rmitbot_controller/share/rmitbot_controller/package.bash'
[0.323s] [34mcolcon.colcon_core.shell[0m [1;30mINFO[0m Creating package script '/home/v120506/rmitbot_v4/lesson8_ws/install/rmitbot_controller/share/rmitbot_controller/package.zsh'
[0.323s] [34mcolcon.colcon_core.environment[0m [1;30mLevel 1[0m create_file_with_runtime_dependencies(/home/v120506/rmitbot_v4/lesson8_ws/install/rmitbot_controller/share/colcon-core/packages/rmitbot_controller)
[0.324s] [34mcolcon.colcon_core.environment[0m [1;30mLevel 1[0m create_environment_scripts_only(rmitbot_controller)
[0.324s] [34mcolcon.colcon_core.environment[0m [1;30mLevel 1[0m checking '/home/v120506/rmitbot_v4/lesson8_ws/install/rmitbot_controller' for CMake module files
[0.325s] [34mcolcon.colcon_core.environment[0m [1;30mLevel 1[0m checking '/home/v120506/rmitbot_v4/lesson8_ws/install/rmitbot_controller' for CMake config files
[0.325s] [34mcolcon.colcon_core.shell[0m [1;30mLevel 1[0m create_environment_hook('rmitbot_controller', 'cmake_prefix_path')
[0.325s] [34mcolcon.colcon_core.shell[0m [1;30mINFO[0m Creating environment hook '/home/v120506/rmitbot_v4/lesson8_ws/install/rmitbot_controller/share/rmitbot_controller/hook/cmake_prefix_path.ps1'
[0.325s] [34mcolcon.colcon_core.shell[0m [1;30mINFO[0m Creating environment descriptor '/home/v120506/rmitbot_v4/lesson8_ws/install/rmitbot_controller/share/rmitbot_controller/hook/cmake_prefix_path.dsv'
[0.325s] [34mcolcon.colcon_core.shell[0m [1;30mINFO[0m Creating environment hook '/home/v120506/rmitbot_v4/lesson8_ws/install/rmitbot_controller/share/rmitbot_controller/hook/cmake_prefix_path.sh'
[0.326s] [34mcolcon.colcon_core.environment[0m [1;30mLevel 1[0m checking '/home/v120506/rmitbot_v4/lesson8_ws/install/rmitbot_controller/bin'
[0.326s] [34mcolcon.colcon_core.environment[0m [1;30mLevel 1[0m checking '/home/v120506/rmitbot_v4/lesson8_ws/install/rmitbot_controller/lib/pkgconfig/rmitbot_controller.pc'
[0.326s] [34mcolcon.colcon_core.environment[0m [1;30mLevel 1[0m checking '/home/v120506/rmitbot_v4/lesson8_ws/install/rmitbot_controller/lib/python3.12/site-packages'
[0.327s] [34mcolcon.colcon_core.environment[0m [1;30mLevel 1[0m checking '/home/v120506/rmitbot_v4/lesson8_ws/install/rmitbot_controller/bin'
[0.327s] [34mcolcon.colcon_core.shell[0m [1;30mINFO[0m Creating package script '/home/v120506/rmitbot_v4/lesson8_ws/install/rmitbot_controller/share/rmitbot_controller/package.ps1'
[0.327s] [34mcolcon.colcon_core.shell[0m [1;30mINFO[0m Creating package descriptor '/home/v120506/rmitbot_v4/lesson8_ws/install/rmitbot_controller/share/rmitbot_controller/package.dsv'
[0.328s] [34mcolcon.colcon_core.shell[0m [1;30mINFO[0m Creating package script '/home/v120506/rmitbot_v4/lesson8_ws/install/rmitbot_controller/share/rmitbot_controller/package.sh'
[0.328s] [34mcolcon.colcon_core.shell[0m [1;30mINFO[0m Creating package script '/home/v120506/rmitbot_v4/lesson8_ws/install/rmitbot_controller/share/rmitbot_controller/package.bash'
[0.328s] [34mcolcon.colcon_core.shell[0m [1;30mINFO[0m Creating package script '/home/v120506/rmitbot_v4/lesson8_ws/install/rmitbot_controller/share/rmitbot_controller/package.zsh'
[0.329s] [34mcolcon.colcon_core.environment[0m [1;30mLevel 1[0m create_file_with_runtime_dependencies(/home/v120506/rmitbot_v4/lesson8_ws/install/rmitbot_controller/share/colcon-core/packages/rmitbot_controller)
[0.804s] [34mcolcon.colcon_core.event_handler.log_command[0m [1;30mDEBUG[0m [32mInvoked command in '/home/v120506/rmitbot_v4/lesson8_ws/build/rmitbot_localization' returned '0': CMAKE_PREFIX_PATH=${CMAKE_PREFIX_PATH}:/opt/ros/jazzy DEBUGINFOD_URLS=https://debuginfod.ubuntu.com /usr/bin/cmake --build /home/v120506/rmitbot_v4/lesson8_ws/build/rmitbot_localization -- -j8 -l8[0m
[0.805s] [34mcolcon.colcon_core.event_handler.log_command[0m [1;30mDEBUG[0m [32mInvoking command in '/home/v120506/rmitbot_v4/lesson8_ws/build/rmitbot_localization': CMAKE_PREFIX_PATH=${CMAKE_PREFIX_PATH}:/opt/ros/jazzy DEBUGINFOD_URLS=https://debuginfod.ubuntu.com /usr/bin/cmake --install /home/v120506/rmitbot_v4/lesson8_ws/build/rmitbot_localization[0m
[0.814s] [34mcolcon.colcon_core.environment[0m [1;30mLevel 1[0m create_environment_scripts_only(rmitbot_localization)
[0.814s] [34mcolcon.colcon_core.environment[0m [1;30mLevel 1[0m checking '/home/v120506/rmitbot_v4/lesson8_ws/install/rmitbot_localization' for CMake module files
[0.814s] [34mcolcon.colcon_core.event_handler.log_command[0m [1;30mDEBUG[0m [32mInvoked command in '/home/v120506/rmitbot_v4/lesson8_ws/build/rmitbot_localization' returned '0': CMAKE_PREFIX_PATH=${CMAKE_PREFIX_PATH}:/opt/ros/jazzy DEBUGINFOD_URLS=https://debuginfod.ubuntu.com /usr/bin/cmake --install /home/v120506/rmitbot_v4/lesson8_ws/build/rmitbot_localization[0m
[0.815s] [34mcolcon.colcon_core.environment[0m [1;30mLevel 1[0m checking '/home/v120506/rmitbot_v4/lesson8_ws/install/rmitbot_localization' for CMake config files
[0.815s] [34mcolcon.colcon_core.shell[0m [1;30mLevel 1[0m create_environment_hook('rmitbot_localization', 'cmake_prefix_path')
[0.815s] [34mcolcon.colcon_core.shell[0m [1;30mINFO[0m Creating environment hook '/home/v120506/rmitbot_v4/lesson8_ws/install/rmitbot_localization/share/rmitbot_localization/hook/cmake_prefix_path.ps1'
[0.815s] [34mcolcon.colcon_core.shell[0m [1;30mINFO[0m Creating environment descriptor '/home/v120506/rmitbot_v4/lesson8_ws/install/rmitbot_localization/share/rmitbot_localization/hook/cmake_prefix_path.dsv'
[0.816s] [34mcolcon.colcon_core.shell[0m [1;30mINFO[0m Creating environment hook '/home/v120506/rmitbot_v4/lesson8_ws/install/rmitbot_localization/share/rmitbot_localization/hook/cmake_prefix_path.sh'
[0.816s] [34mcolcon.colcon_core.environment[0m [1;30mLevel 1[0m checking '/home/v120506/rmitbot_v4/lesson8_ws/install/rmitbot_localization/bin'
[0.816s] [34mcolcon.colcon_core.environment[0m [1;30mLevel 1[0m checking '/home/v120506/rmitbot_v4/lesson8_ws/install/rmitbot_localization/lib/pkgconfig/rmitbot_localization.pc'
[0.817s] [34mcolcon.colcon_core.environment[0m [1;30mLevel 1[0m checking '/home/v120506/rmitbot_v4/lesson8_ws/install/rmitbot_localization/lib/python3.12/site-packages'
[0.817s] [34mcolcon.colcon_core.environment[0m [1;30mLevel 1[0m checking '/home/v120506/rmitbot_v4/lesson8_ws/install/rmitbot_localization/bin'
[0.817s] [34mcolcon.colcon_core.shell[0m [1;30mINFO[0m Creating package script '/home/v120506/rmitbot_v4/lesson8_ws/install/rmitbot_localization/share/rmitbot_localization/package.ps1'
[0.817s] [34mcolcon.colcon_core.shell[0m [1;30mINFO[0m Creating package descriptor '/home/v120506/rmitbot_v4/lesson8_ws/install/rmitbot_localization/share/rmitbot_localization/package.dsv'
[0.818s] [34mcolcon.colcon_core.shell[0m [1;30mINFO[0m Creating package script '/home/v120506/rmitbot_v4/lesson8_ws/install/rmitbot_localization/share/rmitbot_localization/package.sh'
[0.818s] [34mcolcon.colcon_core.shell[0m [1;30mINFO[0m Creating package script '/home/v120506/rmitbot_v4/lesson8_ws/install/rmitbot_localization/share/rmitbot_localization/package.bash'
[0.818s] [34mcolcon.colcon_core.shell[0m [1;30mINFO[0m Creating package script '/home/v120506/rmitbot_v4/lesson8_ws/install/rmitbot_localization/share/rmitbot_localization/package.zsh'
[0.818s] [34mcolcon.colcon_core.environment[0m [1;30mLevel 1[0m create_file_with_runtime_dependencies(/home/v120506/rmitbot_v4/lesson8_ws/install/rmitbot_localization/share/colcon-core/packages/rmitbot_localization)
[0.819s] [34mcolcon.colcon_core.environment[0m [1;30mLevel 1[0m create_environment_scripts_only(rmitbot_localization)
[0.819s] [34mcolcon.colcon_core.environment[0m [1;30mLevel 1[0m checking '/home/v120506/rmitbot_v4/lesson8_ws/install/rmitbot_localization' for CMake module files
[0.819s] [34mcolcon.colcon_core.environment[0m [1;30mLevel 1[0m checking '/home/v120506/rmitbot_v4/lesson8_ws/install/rmitbot_localization' for CMake config files
[0.820s] [34mcolcon.colcon_core.shell[0m [1;30mLevel 1[0m create_environment_hook('rmitbot_localization', 'cmake_prefix_path')
[0.820s] [34mcolcon.colcon_core.shell[0m [1;30mINFO[0m Creating environment hook '/home/v120506/rmitbot_v4/lesson8_ws/install/rmitbot_localization/share/rmitbot_localization/hook/cmake_prefix_path.ps1'
[0.820s] [34mcolcon.colcon_core.shell[0m [1;30mINFO[0m Creating environment descriptor '/home/v120506/rmitbot_v4/lesson8_ws/install/rmitbot_localization/share/rmitbot_localization/hook/cmake_prefix_path.dsv'
[0.820s] [34mcolcon.colcon_core.shell[0m [1;30mINFO[0m Creating environment hook '/home/v120506/rmitbot_v4/lesson8_ws/install/rmitbot_localization/share/rmitbot_localization/hook/cmake_prefix_path.sh'
[0.821s] [34mcolcon.colcon_core.environment[0m [1;30mLevel 1[0m checking '/home/v120506/rmitbot_v4/lesson8_ws/install/rmitbot_localization/bin'
[0.821s] [34mcolcon.colcon_core.environment[0m [1;30mLevel 1[0m checking '/home/v120506/rmitbot_v4/lesson8_ws/install/rmitbot_localization/lib/pkgconfig/rmitbot_localization.pc'
[0.821s] [34mcolcon.colcon_core.environment[0m [1;30mLevel 1[0m checking '/home/v120506/rmitbot_v4/lesson8_ws/install/rmitbot_localization/lib/python3.12/site-packages'
[0.821s] [34mcolcon.colcon_core.environment[0m [1;30mLevel 1[0m checking '/home/v120506/rmitbot_v4/lesson8_ws/install/rmitbot_localization/bin'
[0.822s] [34mcolcon.colcon_core.shell[0m [1;30mINFO[0m Creating package script '/home/v120506/rmitbot_v4/lesson8_ws/install/rmitbot_localization/share/rmitbot_localization/package.ps1'
[0.822s] [34mcolcon.colcon_core.shell[0m [1;30mINFO[0m Creating package descriptor '/home/v120506/rmitbot_v4/lesson8_ws/install/rmitbot_localization/share/rmitbot_localization/package.dsv'
[0.822s] [34mcolcon.colcon_core.shell[0m [1;30mINFO[0m Creating package script '/home/v120506/rmitbot_v4/lesson8_ws/install/rmitbot_localization/share/rmitbot_localization/package.sh'
[0.823s] [34mcolcon.colcon_core.shell[0m [1;30mINFO[0m Creating package script '/home/v120506/rmitbot_v4/lesson8_ws/install/rmitbot_localization/share/rmitbot_localization/package.bash'
[0.823s] [34mcolcon.colcon_core.shell[0m [1;30mINFO[0m Creating package script '/home/v120506/rmitbot_v4/lesson8_ws/install/rmitbot_localization/share/rmitbot_localization/package.zsh'
[0.824s] [34mcolcon.colcon_core.environment[0m [1;30mLevel 1[0m create_file_with_runtime_dependencies(/home/v120506/rmitbot_v4/lesson8_ws/install/rmitbot_localization/share/colcon-core/packages/rmitbot_localization)
[5.416s] [34mcolcon.colcon_core.event_handler.log_command[0m [1;30mDEBUG[0m [32mInvoked command in '/home/v120506/rmitbot_v4/lesson8_ws/build/rmitbot_firmware' returned '0': CMAKE_PREFIX_PATH=${CMAKE_PREFIX_PATH}:/opt/ros/jazzy DEBUGINFOD_URLS=https://debuginfod.ubuntu.com /usr/bin/cmake --build /home/v120506/rmitbot_v4/lesson8_ws/build/rmitbot_firmware -- -j8 -l8[0m
[5.417s] [34mcolcon.colcon_core.event_handler.log_command[0m [1;30mDEBUG[0m [32mInvoking command in '/home/v120506/rmitbot_v4/lesson8_ws/build/rmitbot_firmware': CMAKE_PREFIX_PATH=${CMAKE_PREFIX_PATH}:/opt/ros/jazzy DEBUGINFOD_URLS=https://debuginfod.ubuntu.com /usr/bin/cmake --install /home/v120506/rmitbot_v4/lesson8_ws/build/rmitbot_firmware[0m
[5.427s] [34mcolcon.colcon_core.environment[0m [1;30mLevel 1[0m create_environment_scripts_only(rmitbot_firmware)
[5.427s] [34mcolcon.colcon_core.environment[0m [1;30mLevel 1[0m checking '/home/v120506/rmitbot_v4/lesson8_ws/install/rmitbot_firmware' for CMake module files
[5.427s] [34mcolcon.colcon_core.event_handler.log_command[0m [1;30mDEBUG[0m [32mInvoked command in '/home/v120506/rmitbot_v4/lesson8_ws/build/rmitbot_firmware' returned '0': CMAKE_PREFIX_PATH=${CMAKE_PREFIX_PATH}:/opt/ros/jazzy DEBUGINFOD_URLS=https://debuginfod.ubuntu.com /usr/bin/cmake --install /home/v120506/rmitbot_v4/lesson8_ws/build/rmitbot_firmware[0m
[5.428s] [34mcolcon.colcon_core.environment[0m [1;30mLevel 1[0m checking '/home/v120506/rmitbot_v4/lesson8_ws/install/rmitbot_firmware' for CMake config files
[5.428s] [34mcolcon.colcon_core.shell[0m [1;30mLevel 1[0m create_environment_hook('rmitbot_firmware', 'cmake_prefix_path')
[5.428s] [34mcolcon.colcon_core.shell[0m [1;30mINFO[0m Creating environment hook '/home/v120506/rmitbot_v4/lesson8_ws/install/rmitbot_firmware/share/rmitbot_firmware/hook/cmake_prefix_path.ps1'
[5.429s] [34mcolcon.colcon_core.shell[0m [1;30mINFO[0m Creating environment descriptor '/home/v120506/rmitbot_v4/lesson8_ws/install/rmitbot_firmware/share/rmitbot_firmware/hook/cmake_prefix_path.dsv'
[5.429s] [34mcolcon.colcon_core.shell[0m [1;30mINFO[0m Creating environment hook '/home/v120506/rmitbot_v4/lesson8_ws/install/rmitbot_firmware/share/rmitbot_firmware/hook/cmake_prefix_path.sh'
[5.430s] [34mcolcon.colcon_core.environment[0m [1;30mLevel 1[0m checking '/home/v120506/rmitbot_v4/lesson8_ws/install/rmitbot_firmware/lib'
[5.430s] [34mcolcon.colcon_core.shell[0m [1;30mLevel 1[0m create_environment_hook('rmitbot_firmware', 'ld_library_path_lib')
[5.430s] [34mcolcon.colcon_core.shell[0m [1;30mINFO[0m Creating environment hook '/home/v120506/rmitbot_v4/lesson8_ws/install/rmitbot_firmware/share/rmitbot_firmware/hook/ld_library_path_lib.ps1'
[5.430s] [34mcolcon.colcon_core.shell[0m [1;30mINFO[0m Creating environment descriptor '/home/v120506/rmitbot_v4/lesson8_ws/install/rmitbot_firmware/share/rmitbot_firmware/hook/ld_library_path_lib.dsv'
[5.431s] [34mcolcon.colcon_core.shell[0m [1;30mINFO[0m Creating environment hook '/home/v120506/rmitbot_v4/lesson8_ws/install/rmitbot_firmware/share/rmitbot_firmware/hook/ld_library_path_lib.sh'
[5.431s] [34mcolcon.colcon_core.environment[0m [1;30mLevel 1[0m checking '/home/v120506/rmitbot_v4/lesson8_ws/install/rmitbot_firmware/bin'
[5.431s] [34mcolcon.colcon_core.environment[0m [1;30mLevel 1[0m checking '/home/v120506/rmitbot_v4/lesson8_ws/install/rmitbot_firmware/lib/pkgconfig/rmitbot_firmware.pc'
[5.431s] [34mcolcon.colcon_core.environment[0m [1;30mLevel 1[0m checking '/home/v120506/rmitbot_v4/lesson8_ws/install/rmitbot_firmware/lib/python3.12/site-packages'
[5.432s] [34mcolcon.colcon_core.environment[0m [1;30mLevel 1[0m checking '/home/v120506/rmitbot_v4/lesson8_ws/install/rmitbot_firmware/bin'
[5.432s] [34mcolcon.colcon_core.shell[0m [1;30mINFO[0m Creating package script '/home/v120506/rmitbot_v4/lesson8_ws/install/rmitbot_firmware/share/rmitbot_firmware/package.ps1'
[5.433s] [34mcolcon.colcon_core.shell[0m [1;30mINFO[0m Creating package descriptor '/home/v120506/rmitbot_v4/lesson8_ws/install/rmitbot_firmware/share/rmitbot_firmware/package.dsv'
[5.433s] [34mcolcon.colcon_core.shell[0m [1;30mINFO[0m Creating package script '/home/v120506/rmitbot_v4/lesson8_ws/install/rmitbot_firmware/share/rmitbot_firmware/package.sh'
[5.433s] [34mcolcon.colcon_core.shell[0m [1;30mINFO[0m Creating package script '/home/v120506/rmitbot_v4/lesson8_ws/install/rmitbot_firmware/share/rmitbot_firmware/package.bash'
[5.434s] [34mcolcon.colcon_core.shell[0m [1;30mINFO[0m Creating package script '/home/v120506/rmitbot_v4/lesson8_ws/install/rmitbot_firmware/share/rmitbot_firmware/package.zsh'
[5.434s] [34mcolcon.colcon_core.environment[0m [1;30mLevel 1[0m create_file_with_runtime_dependencies(/home/v120506/rmitbot_v4/lesson8_ws/install/rmitbot_firmware/share/colcon-core/packages/rmitbot_firmware)
[5.435s] [34mcolcon.colcon_core.environment[0m [1;30mLevel 1[0m create_environment_scripts_only(rmitbot_firmware)
[5.435s] [34mcolcon.colcon_core.environment[0m [1;30mLevel 1[0m checking '/home/v120506/rmitbot_v4/lesson8_ws/install/rmitbot_firmware' for CMake module files
[5.435s] [34mcolcon.colcon_core.environment[0m [1;30mLevel 1[0m checking '/home/v120506/rmitbot_v4/lesson8_ws/install/rmitbot_firmware' for CMake config files
[5.435s] [34mcolcon.colcon_core.shell[0m [1;30mLevel 1[0m create_environment_hook('rmitbot_firmware', 'cmake_prefix_path')
[5.436s] [34mcolcon.colcon_core.shell[0m [1;30mINFO[0m Creating environment hook '/home/v120506/rmitbot_v4/lesson8_ws/install/rmitbot_firmware/share/rmitbot_firmware/hook/cmake_prefix_path.ps1'
[5.436s] [34mcolcon.colcon_core.shell[0m [1;30mINFO[0m Creating environment descriptor '/home/v120506/rmitbot_v4/lesson8_ws/install/rmitbot_firmware/share/rmitbot_firmware/hook/cmake_prefix_path.dsv'
[5.436s] [34mcolcon.colcon_core.shell[0m [1;30mINFO[0m Creating environment hook '/home/v120506/rmitbot_v4/lesson8_ws/install/rmitbot_firmware/share/rmitbot_firmware/hook/cmake_prefix_path.sh'
[5.437s] [34mcolcon.colcon_core.environment[0m [1;30mLevel 1[0m checking '/home/v120506/rmitbot_v4/lesson8_ws/install/rmitbot_firmware/lib'
[5.437s] [34mcolcon.colcon_core.shell[0m [1;30mLevel 1[0m create_environment_hook('rmitbot_firmware', 'ld_library_path_lib')
[5.437s] [34mcolcon.colcon_core.shell[0m [1;30mINFO[0m Creating environment hook '/home/v120506/rmitbot_v4/lesson8_ws/install/rmitbot_firmware/share/rmitbot_firmware/hook/ld_library_path_lib.ps1'
[5.438s] [34mcolcon.colcon_core.shell[0m [1;30mINFO[0m Creating environment descriptor '/home/v120506/rmitbot_v4/lesson8_ws/install/rmitbot_firmware/share/rmitbot_firmware/hook/ld_library_path_lib.dsv'
[5.438s] [34mcolcon.colcon_core.shell[0m [1;30mINFO[0m Creating environment hook '/home/v120506/rmitbot_v4/lesson8_ws/install/rmitbot_firmware/share/rmitbot_firmware/hook/ld_library_path_lib.sh'
[5.438s] [34mcolcon.colcon_core.environment[0m [1;30mLevel 1[0m checking '/home/v120506/rmitbot_v4/lesson8_ws/install/rmitbot_firmware/bin'
[5.438s] [34mcolcon.colcon_core.environment[0m [1;30mLevel 1[0m checking '/home/v120506/rmitbot_v4/lesson8_ws/install/rmitbot_firmware/lib/pkgconfig/rmitbot_firmware.pc'
[5.438s] [34mcolcon.colcon_core.environment[0m [1;30mLevel 1[0m checking '/home/v120506/rmitbot_v4/lesson8_ws/install/rmitbot_firmware/lib/python3.12/site-packages'
[5.439s] [34mcolcon.colcon_core.environment[0m [1;30mLevel 1[0m checking '/home/v120506/rmitbot_v4/lesson8_ws/install/rmitbot_firmware/bin'
[5.439s] [34mcolcon.colcon_core.shell[0m [1;30mINFO[0m Creating package script '/home/v120506/rmitbot_v4/lesson8_ws/install/rmitbot_firmware/share/rmitbot_firmware/package.ps1'
[5.440s] [34mcolcon.colcon_core.shell[0m [1;30mINFO[0m Creating package descriptor '/home/v120506/rmitbot_v4/lesson8_ws/install/rmitbot_firmware/share/rmitbot_firmware/package.dsv'
[5.440s] [34mcolcon.colcon_core.shell[0m [1;30mINFO[0m Creating package script '/home/v120506/rmitbot_v4/lesson8_ws/install/rmitbot_firmware/share/rmitbot_firmware/package.sh'
[5.440s] [34mcolcon.colcon_core.shell[0m [1;30mINFO[0m Creating package script '/home/v120506/rmitbot_v4/lesson8_ws/install/rmitbot_firmware/share/rmitbot_firmware/package.bash'
[5.441s] [34mcolcon.colcon_core.shell[0m [1;30mINFO[0m Creating package script '/home/v120506/rmitbot_v4/lesson8_ws/install/rmitbot_firmware/share/rmitbot_firmware/package.zsh'
[5.441s] [34mcolcon.colcon_core.environment[0m [1;30mLevel 1[0m create_file_with_runtime_dependencies(/home/v120506/rmitbot_v4/lesson8_ws/install/rmitbot_firmware/share/colcon-core/packages/rmitbot_firmware)
[5.441s] [34mcolcon.colcon_parallel_executor.executor.parallel[0m [1;30mDEBUG[0m [32mclosing loop[0m
[5.442s] [34mcolcon.colcon_parallel_executor.executor.parallel[0m [1;30mDEBUG[0m [32mloop closed[0m
[5.442s] [34mcolcon.colcon_parallel_executor.executor.parallel[0m [1;30mDEBUG[0m [32mrun_until_complete finished with '0'[0m
[5.442s] [34mcolcon.colcon_core.event_reactor[0m [1;30mDEBUG[0m [32mjoining thread[0m
[5.447s] [34mcolcon.colcon_core.plugin_system[0m [1;30mINFO[0m Skipping extension 'colcon_notification.desktop_notification.terminal_notifier': Not used on non-Darwin systems
[5.447s] [34mcolcon.colcon_core.plugin_system[0m [1;30mINFO[0m Skipping extension 'colcon_notification.desktop_notification.win32': Not used on non-Windows systems
[5.447s] [34mcolcon.colcon_notification.desktop_notification[0m [1;30mINFO[0m Sending desktop notification using 'notify2'
[5.461s] [34mcolcon.colcon_core.event_reactor[0m [1;30mDEBUG[0m [32mjoined thread[0m
[5.462s] [34mcolcon.colcon_core.shell[0m [1;30mINFO[0m Creating prefix script '/home/v120506/rmitbot_v4/lesson8_ws/install/local_setup.ps1'
[5.462s] [34mcolcon.colcon_core.shell[0m [1;30mINFO[0m Creating prefix util module '/home/v120506/rmitbot_v4/lesson8_ws/install/_local_setup_util_ps1.py'
[5.463s] [34mcolcon.colcon_core.shell[0m [1;30mINFO[0m Creating prefix chain script '/home/v120506/rmitbot_v4/lesson8_ws/install/setup.ps1'
[5.464s] [34mcolcon.colcon_core.shell[0m [1;30mINFO[0m Creating prefix script '/home/v120506/rmitbot_v4/lesson8_ws/install/local_setup.sh'
[5.465s] [34mcolcon.colcon_core.shell[0m [1;30mINFO[0m Creating prefix util module '/home/v120506/rmitbot_v4/lesson8_ws/install/_local_setup_util_sh.py'
[5.465s] [34mcolcon.colcon_core.shell[0m [1;30mINFO[0m Creating prefix chain script '/home/v120506/rmitbot_v4/lesson8_ws/install/setup.sh'
[5.466s] [34mcolcon.colcon_core.shell[0m [1;30mINFO[0m Creating prefix script '/home/v120506/rmitbot_v4/lesson8_ws/install/local_setup.bash'
[5.466s] [34mcolcon.colcon_core.shell[0m [1;30mINFO[0m Creating prefix chain script '/home/v120506/rmitbot_v4/lesson8_ws/install/setup.bash'
[5.467s] [34mcolcon.colcon_core.shell[0m [1;30mINFO[0m Creating prefix script '/home/v120506/rmitbot_v4/lesson8_ws/install/local_setup.zsh'
[5.467s] [34mcolcon.colcon_core.shell[0m [1;30mINFO[0m Creating prefix chain script '/home/v120506/rmitbot_v4/lesson8_ws/install/setup.zsh'
